Microchip MPLAB XC8 Compiler V1.45 ()

Linker command line:

-W-3 --edf=C:\Program Files (x86)\Microchip\xc8\v1.45\dat\en_msgs.txt -cs \
  -h+dist/default/production\source.X.production.sym \
  --cmf=dist/default/production\source.X.production.cmf -z -Q16F1779 \
  -oC:\Users\user\AppData\Local\Temp\sc2c.2 \
  -Mdist/default/production/source.X.production.map -E1 -ver=XC8 \
  -ASTACK=0202Ah-027efh -pstack=STACK -ACODE=00h-07FFhx8 \
  -ASTRCODE=00h-03FFFh -ASTRING=00h-0FFhx64 -ACONST=00h-0FFhx64 \
  -AENTRY=00h-0FFhx64 -ACOMMON=070h-07Fh -ABANK0=020h-06Fh \
  -ABANK1=0A0h-0EFh -ABANK2=0120h-016Fh -ABANK3=01A0h-01EFh \
  -ABANK4=0220h-026Fh -ABANK5=02A0h-02EFh -ABANK6=0320h-036Fh \
  -ABANK7=03A0h-03EFh -ABANK8=0420h-046Fh -ABANK9=04A0h-04EFh \
  -ABANK10=0520h-056Fh -ABANK11=05A0h-05EFh -ABANK12=0620h-066Fh \
  -ABANK13=06A0h-06EFh -ABANK14=0720h-076Fh -ABANK15=07A0h-07EFh \
  -ABANK16=0820h-086Fh -ABANK17=08A0h-08EFh -ABANK18=0920h-096Fh \
  -ABANK19=09A0h-09EFh -ABANK20=0A20h-0A6Fh -ABANK21=0AA0h-0AEFh \
  -ABANK22=0B20h-0B6Fh -ABANK23=0BA0h-0BEFh -ABANK24=0C20h-0C6Fh \
  -ABANK25=0CA0h-0CBFh -ABIGRAM=02000h-027EFh \
  -ARAM=020h-06Fh,0A0h-0EFh,0120h-016Fh,01A0h-01EFh,0220h-026Fh,02A0h-02EFh,0320h-036Fh,03A0h-03EFh,0420h-046Fh,04A0h-04EFh,0520h-056Fh,05A0h-05EFh,0620h-066Fh,06A0h-06EFh,0720h-076Fh,07A0h-07EFh,0820h-086Fh,08A0h-08EFh,0920h-096Fh,09A0h-09EFh,0A20h-0A6Fh,0AA0h-0AEFh,0B20h-0B6Fh,0BA0h-0BEFh,0C20h-0C6Fh,0CA0h-0CBFh \
  -AABS1=020h-07Fh,0A0h-0EFh,0120h-016Fh,01A0h-01EFh,0220h-026Fh,02A0h-02EFh,0320h-036Fh,03A0h-03EFh,0420h-046Fh,04A0h-04EFh,0520h-056Fh,05A0h-05EFh,0620h-066Fh,06A0h-06EFh,0720h-076Fh,07A0h-07EFh,0820h-086Fh,08A0h-08EFh,0920h-096Fh,09A0h-09EFh,0A20h-0A6Fh,0AA0h-0AEFh,0B20h-0B6Fh,0BA0h-0BEFh,0C20h-0C6Fh,0CA0h-0CBFh \
  -ASFR0=00h-01Fh -ASFR1=080h-09Fh -ASFR2=0100h-011Fh -ASFR3=0180h-019Fh \
  -ASFR4=0200h-021Fh -ASFR5=0280h-029Fh -ASFR6=0300h-031Fh \
  -ASFR7=0380h-039Fh -ASFR8=0400h-041Fh -ASFR9=0480h-049Fh \
  -ASFR10=0500h-051Fh -ASFR11=0580h-059Fh -ASFR12=0600h-061Fh \
  -ASFR13=0680h-069Fh -ASFR14=0700h-071Fh -ASFR15=0780h-079Fh \
  -ASFR16=0800h-081Fh -ASFR17=0880h-089Fh -ASFR18=0900h-091Fh \
  -ASFR19=0980h-099Fh -ASFR20=0A00h-0A1Fh -ASFR21=0A80h-0A9Fh \
  -ASFR22=0B00h-0B1Fh -ASFR23=0B80h-0B9Fh -ASFR24=0C00h-0C1Fh \
  -ASFR25=0C80h-0C9Fh -ASFR26=0D00h-0D6Fh -ASFR27=0D80h-0DEFh \
  -ASFR28=0E00h-0E6Fh -ASFR29=0E80h-0EEFh -ASFR30=0F00h-0F6Fh \
  -ASFR31=0F80h-0FEFh -preset_vec=00h,intentry,init,end_init -ppowerup=CODE \
  -pcinit=CODE -pfunctab=ENTRY -ACONFIG=08007h-08008h -pconfig=CONFIG \
  -DCONFIG=2 -AIDLOC=08000h-08003h -pidloc=IDLOC -DIDLOC=2 -DCODE=2 \
  -DSTRCODE=2 -DSTRING=2 -DCONST=2 -DENTRY=2 -k \
  C:\Users\user\AppData\Local\Temp\sc2c.obj \
  dist/default/production\source.X.production.obj 

Object code version is 3.11

Machine type is 16F1779



                Name                               Link     Load   Length Selector   Space Scale
C:\Users\user\AppData\Local\Temp\sc2c.obj
                end_init                              2        2        2        0       0
                reset_vec                             0        0        2        0       0
                idloc                              8000     8000        4    10000       0
                config                             8007     8007        2    1000E       0
dist/default/production\source.X.production.obj
                cinit                               7FD      7FD        3      FFA       0
                text17                              341      341        8      682       0
                text16                              339      339        4      672       0
                text15                              349      349        8      692       0
                text14                              361      361        A      6C2       0
                text13                              3E0      3E0       3F      7C0       0
                text12                              33D      33D        4      67A       0
                text11                              379      379       12      6F2       0
                text10                              351      351        8      6A2       0
                text9                               41F      41F       64      83E       0
                text8                               708      708       F5      E10       0
                text7                               5AC      5AC       A8      B58       0
                text6                               3A5      3A5       3B      74A       0
                text5                               654      654       B4      CA8       0
                text4                               359      359        8      6B2       0
                text3                               483      483       87      906       0
                text2                               38B      38B       1A      716       0
                text1                               50A      50A       A2      A14       0
                maintext                            36B      36B        E      6D6       0
                cstackBANK0                          20       20       2A       20       1
                cstackCOMMON                         70       70        E       70       1
                stringtext3                         806      806        1     1000       0
                stringtext2                         803      803        3     1000       0
                stringtext1                         800      800        3     1000       0

TOTAL           Name                               Link     Load   Length     Space
        CLASS   STACK          

        CLASS   CODE           
                end_init                              2        2        2         0
                cinit                               7FD      7FD        3         0
                reset_vec                             0        0        2         0
                text17                              341      341        8         0
                text16                              339      339        4         0
                text15                              349      349        8         0
                text14                              361      361        A         0
                text13                              3E0      3E0       3F         0
                text12                              33D      33D        4         0
                text11                              379      379       12         0
                text10                              351      351        8         0
                text9                               41F      41F       64         0
                text8                               708      708       F5         0
                text7                               5AC      5AC       A8         0
                text6                               3A5      3A5       3B         0
                text5                               654      654       B4         0
                text4                               359      359        8         0
                text3                               483      483       87         0
                text2                               38B      38B       1A         0
                text1                               50A      50A       A2         0
                maintext                            36B      36B        E         0

        CLASS   STRCODE        
                stringtext3                         806      806        1         0
                stringtext2                         803      803        3         0
                stringtext1                         800      800        3         0

        CLASS   STRING         

        CLASS   CONST          

        CLASS   ENTRY          

        CLASS   COMMON         
                cstackCOMMON                         70       70        E         1

        CLASS   BANK0          
                cstackBANK0                          20       20       2A         1

        CLASS   BANK1          

        CLASS   BANK2          

        CLASS   BANK3          

        CLASS   BANK4          

        CLASS   BANK5          

        CLASS   BANK6          

        CLASS   BANK7          

        CLASS   BANK8          

        CLASS   BANK9          

        CLASS   BANK10         

        CLASS   BANK11         

        CLASS   BANK12         

        CLASS   BANK13         

        CLASS   BANK14         

        CLASS   BANK15         

        CLASS   BANK16         

        CLASS   BANK17         

        CLASS   BANK18         

        CLASS   BANK19         

        CLASS   BANK20         

        CLASS   BANK21         

        CLASS   BANK22         

        CLASS   BANK23         

        CLASS   BANK24         

        CLASS   BANK25         

        CLASS   BIGRAM         

        CLASS   RAM            

        CLASS   ABS1           
                abs_s1                               7E       7E        2         1

        CLASS   SFR0           

        CLASS   SFR1           

        CLASS   SFR2           

        CLASS   SFR3           

        CLASS   SFR4           

        CLASS   SFR5           

        CLASS   SFR6           

        CLASS   SFR7           

        CLASS   SFR8           

        CLASS   SFR9           

        CLASS   SFR10          

        CLASS   SFR11          

        CLASS   SFR12          

        CLASS   SFR13          

        CLASS   SFR14          

        CLASS   SFR15          

        CLASS   SFR16          

        CLASS   SFR17          

        CLASS   SFR18          

        CLASS   SFR19          

        CLASS   SFR20          

        CLASS   SFR21          

        CLASS   SFR22          

        CLASS   SFR23          

        CLASS   SFR24          

        CLASS   SFR25          

        CLASS   SFR26          

        CLASS   SFR27          

        CLASS   SFR28          

        CLASS   SFR29          

        CLASS   SFR30          

        CLASS   SFR31          

        CLASS   CONFIG         
                config                             8007     8007        2         0

        CLASS   IDLOC          
                idloc                              8000     8000        4         0

        CLASS   BANK31         

        CLASS   BANK30         

        CLASS   BANK29         

        CLASS   BANK28         

        CLASS   BANK27         

        CLASS   BANK26         

        CLASS   EEDATA         



SEGMENTS        Name                           Load    Length   Top    Selector   Space  Class     Delta

                reset_vec                      000000  000004  000004         0       0  CODE        2
                cstackBANK0                    000020  00002A  00004A        20       1  BANK0       1
                cstackCOMMON                   000070  00000E  00007E        70       1  COMMON      1
                text16                         000339  000004  00033D       672       0  CODE        2
                text12                         00033D  000004  000341       67A       0  CODE        2
                text17                         000341  000008  000349       682       0  CODE        2
                text15                         000349  000008  000351       692       0  CODE        2
                text10                         000351  000008  000359       6A2       0  CODE        2
                text4                          000359  000008  000361       6B2       0  CODE        2
                text14                         000361  00000A  00036B       6C2       0  CODE        2
                maintext                       00036B  00000E  000379       6D6       0  CODE        2
                text11                         000379  000012  00038B       6F2       0  CODE        2
                text2                          00038B  00001A  0003A5       716       0  CODE        2
                text6                          0003A5  00003B  0003E0       74A       0  CODE        2
                text13                         0003E0  00003F  00041F       7C0       0  CODE        2
                text9                          00041F  000064  000483       83E       0  CODE        2
                text3                          000483  000087  00050A       906       0  CODE        2
                text1                          00050A  0000A2  0005AC       A14       0  CODE        2
                text7                          0005AC  0000A8  000654       B58       0  CODE        2
                text5                          000654  0000B4  000708       CA8       0  CODE        2
                text8                          000708  0000F5  0007FD       E10       0  CODE        2
                cinit                          0007FD  000003  000800       FFA       0  CODE        2
                stringtext1                    000800  000007  000807      1000       0  STRCODE     2
                idloc                          008000  000004  008004     10000       0  IDLOC       2
                config                         008007  000002  008009     1000E       0  CONFIG      2


UNUSED ADDRESS RANGES

        Name                Unused          Largest block    Delta
        BANK0            0004A-0006F              26           1
        BANK1            000A0-000EF              50           1
        BANK10           00520-0056F              50           1
        BANK11           005A0-005EF              50           1
        BANK12           00620-0066F              50           1
        BANK13           006A0-006EF              50           1
        BANK14           00720-0076F              50           1
        BANK15           007A0-007EF              50           1
        BANK16           00820-0086F              50           1
        BANK17           008A0-008EF              50           1
        BANK18           00920-0096F              50           1
        BANK19           009A0-009EF              50           1
        BANK2            00120-0016F              50           1
        BANK20           00A20-00A6F              50           1
        BANK21           00AA0-00AEF              50           1
        BANK22           00B20-00B6F              50           1
        BANK23           00BA0-00BEF              50           1
        BANK24           00C20-00C6F              50           1
        BANK25           00CA0-00CBF              20           1
        BANK3            001A0-001EF              50           1
        BANK4            00220-0026F              50           1
        BANK5            002A0-002EF              50           1
        BANK6            00320-0036F              50           1
        BANK7            003A0-003EF              50           1
        BANK8            00420-0046F              50           1
        BANK9            004A0-004EF              50           1
        BIGRAM           02000-027EF             7F0           1
        CODE             00004-00338             335           2
                         00807-03FFF             800
        CONST            00004-00338             100           2
                         00807-03FFF             100
        ENTRY            00004-00338             100           2
                         00807-03FFF             100
        RAM              0004A-0006F              26           1
                         000A0-000EF              50
                         00120-0016F              50
                         001A0-001EF              50
                         00220-0026F              50
                         002A0-002EF              50
                         00320-0036F              50
                         003A0-003EF              50
                         00420-0046F              50
                         004A0-004EF              50
                         00520-0056F              50
                         005A0-005EF              50
                         00620-0066F              50
                         006A0-006EF              50
                         00720-0076F              50
                         007A0-007EF              50
                         00820-0086F              50
                         008A0-008EF              50
                         00920-0096F              50
                         009A0-009EF              50
                         00A20-00A6F              50
                         00AA0-00AEF              50
                         00B20-00B6F              50
                         00BA0-00BEF              50
                         00C20-00C6F              50
                         00CA0-00CBF              20
        SFR0             00000-0001F              20           1
        SFR1             00080-0009F              20           1
        SFR10            00500-0051F              20           1
        SFR11            00580-0059F              20           1
        SFR12            00600-0061F              20           1
        SFR13            00680-0069F              20           1
        SFR14            00700-0071F              20           1
        SFR15            00780-0079F              20           1
        SFR16            00800-0081F              20           1
        SFR17            00880-0089F              20           1
        SFR18            00900-0091F              20           1
        SFR19            00980-0099F              20           1
        SFR2             00100-0011F              20           1
        SFR20            00A00-00A1F              20           1
        SFR21            00A80-00A9F              20           1
        SFR22            00B00-00B1F              20           1
        SFR23            00B80-00B9F              20           1
        SFR24            00C00-00C1F              20           1
        SFR25            00C80-00C9F              20           1
        SFR26            00D00-00D6F              70           1
        SFR27            00D80-00DEF              70           1
        SFR28            00E00-00E6F              70           1
        SFR29            00E80-00EEF              70           1
        SFR3             00180-0019F              20           1
        SFR30            00F00-00F6F              70           1
        SFR31            00F80-00FEF              70           1
        SFR4             00200-0021F              20           1
        SFR5             00280-0029F              20           1
        SFR6             00300-0031F              20           1
        SFR7             00380-0039F              20           1
        SFR8             00400-0041F              20           1
        SFR9             00480-0049F              20           1
        STACK            0202A-027EF             7C6           1
        STRCODE          00004-00338             335           2
                         00807-03FFF            37F9
        STRING           00004-00338             100           2
                         00807-03FFF             100

                                  Symbol Table

?___ftadd                              cstackCOMMON 00078
?___ftdiv                              cstackCOMMON 00078
?___ftmul                              cstackBANK0  00024
?___ftneg                              cstackCOMMON 00070
?___ftpack                             cstackCOMMON 00070
?___fttol                              cstackBANK0  00034
?___lbtoft                             cstackCOMMON 00078
DAC1_Load16bitInputData@input16BitData cstackCOMMON 00070
_ANSELA                                (abs)        0018C
_ANSELB                                (abs)        0018D
_ANSELC                                (abs)        0018E
_ANSELD                                (abs)        0018F
_ANSELE                                (abs)        00190
_BORCON                                (abs)        0009D
_DAC1CON0                              (abs)        0058E
_DAC1CON0bits                          (abs)        0058E
_DAC1REFH                              (abs)        00590
_DAC1REFL                              (abs)        0058F
_DAC1_Initialize                       text17       00341
_DAC1_Load16bitInputData               text10       00351
_DACLDbits                             (abs)        0058D
_FVRCON                                (abs)        0009E
_FVRCONbits                            (abs)        0009E
_FVR_Initialize                        text16       00339
_INLVLA                                (abs)        0038C
_INLVLB                                (abs)        0038D
_INLVLC                                (abs)        0038E
_INLVLD                                (abs)        0038F
_LATA                                  (abs)        0010C
_LATB                                  (abs)        0010D
_LATC                                  (abs)        0010E
_LATD                                  (abs)        0010F
_LATE                                  (abs)        00110
_ODCONA                                (abs)        0028C
_ODCONB                                (abs)        0028D
_ODCONC                                (abs)        0028E
_ODCOND                                (abs)        0028F
_ODCONE                                (abs)        00290
_OPA2CON                               (abs)        00515
_OPA2NCHS                              (abs)        00513
_OPA2ORS                               (abs)        00516
_OPA2PCHS                              (abs)        00514
_OPA2_Initialize                       text15       00349
_OPTION_REGbits                        (abs)        00097
_OSCCON                                (abs)        0009B
_OSCILLATOR_Initialize                 text14       00361
_OSCSTAT                               (abs)        0009C
_OSCTUNE                               (abs)        0009A
_PIN_MANAGER_Initialize                text13       003E0
_PLLR                                  (abs)        004E6
_SLRCONA                               (abs)        0030C
_SLRCONB                               (abs)        0030D
_SLRCONC                               (abs)        0030E
_SLRCOND                               (abs)        0030F
_SLRCONE                               (abs)        00310
_SYSTEM_Initialize                     text11       00379
_TRISA                                 (abs)        0008C
_TRISB                                 (abs)        0008D
_TRISC                                 (abs)        0008E
_TRISD                                 (abs)        0008F
_TRISE                                 (abs)        00090
_WDTCON                                (abs)        00099
_WDT_Initialize                        text12       0033D
_WPUA                                  (abs)        0020C
_WPUB                                  (abs)        0020D
_WPUC                                  (abs)        0020E
_WPUD                                  (abs)        0020F
_WPUE                                  (abs)        00210
__CFG_BOREN$ON                         (abs)        00000
__CFG_BORV$LO                          (abs)        00000
__CFG_CLKOUTEN$OFF                     (abs)        00000
__CFG_CP$OFF                           (abs)        00000
__CFG_FCMEN$ON                         (abs)        00000
__CFG_FOSC$INTOSC                      (abs)        00000
__CFG_IESO$ON                          (abs)        00000
__CFG_LPBOR$OFF                        (abs)        00000
__CFG_LVP$ON                           (abs)        00000
__CFG_MCLRE$ON                         (abs)        00000
__CFG_PLLEN$ON                         (abs)        00000
__CFG_PPS1WAY$ON                       (abs)        00000
__CFG_PWRTE$OFF                        (abs)        00000
__CFG_STVREN$ON                        (abs)        00000
__CFG_WDTE$OFF                         (abs)        00000
__CFG_WRT$OFF                          (abs)        00000
__CFG_ZCD$OFF                          (abs)        00000
__Habs1                                abs1         10008
__Hbank0                               bank0        10008
__Hbank1                               bank1        10008
__Hbank10                              bank10       10008
__Hbank11                              bank11       10008
__Hbank12                              bank12       10008
__Hbank13                              bank13       10008
__Hbank14                              bank14       10008
__Hbank15                              bank15       10008
__Hbank16                              bank16       10008
__Hbank17                              bank17       10008
__Hbank18                              bank18       10008
__Hbank19                              bank19       10008
__Hbank2                               bank2        10008
__Hbank20                              bank20       10008
__Hbank21                              bank21       10008
__Hbank22                              bank22       10008
__Hbank23                              bank23       10008
__Hbank24                              bank24       10008
__Hbank25                              bank25       10008
__Hbank26                              bank26       10008
__Hbank27                              bank27       10008
__Hbank28                              bank28       10008
__Hbank29                              bank29       10008
__Hbank3                               bank3        10008
__Hbank30                              bank30       10008
__Hbank31                              bank31       10008
__Hbank4                               bank4        10008
__Hbank5                               bank5        10008
__Hbank6                               bank6        10008
__Hbank7                               bank7        10008
__Hbank8                               bank8        10008
__Hbank9                               bank9        10008
__Hbigram                              bigram       10008
__Hcinit                               cinit        00800
__Hclrtext                             clrtext      10008
__Hcode                                code         10008
__Hcommon                              common       10008
__Hconfig                              config       08009
__HcstackBANK0                         cstackBANK0  10008
__HcstackCOMMON                        cstackCOMMON 10008
__Heeprom_data                         eeprom_data  08004
__Hend_init                            end_init     00004
__Hfunctab                             functab      00000
__Hidloc                               idloc        08004
__Hinit                                init         00002
__Hintentry                            intentry     00002
__Hmaintext                            maintext     10008
__Hpowerup                             powerup      00000
__Hram                                 ram          10008
__Hreset_vec                           reset_vec    00002
__Hsfr0                                sfr0         10008
__Hsfr1                                sfr1         10008
__Hsfr10                               sfr10        10008
__Hsfr11                               sfr11        10008
__Hsfr12                               sfr12        10008
__Hsfr13                               sfr13        10008
__Hsfr14                               sfr14        10008
__Hsfr15                               sfr15        10008
__Hsfr16                               sfr16        10008
__Hsfr17                               sfr17        10008
__Hsfr18                               sfr18        10008
__Hsfr19                               sfr19        10008
__Hsfr2                                sfr2         10008
__Hsfr20                               sfr20        10008
__Hsfr21                               sfr21        10008
__Hsfr22                               sfr22        10008
__Hsfr23                               sfr23        10008
__Hsfr24                               sfr24        10008
__Hsfr25                               sfr25        10008
__Hsfr26                               sfr26        10008
__Hsfr27                               sfr27        10008
__Hsfr28                               sfr28        10008
__Hsfr29                               sfr29        10008
__Hsfr3                                sfr3         10008
__Hsfr30                               sfr30        10008
__Hsfr31                               sfr31        10008
__Hsfr4                                sfr4         10008
__Hsfr5                                sfr5         10008
__Hsfr6                                sfr6         10008
__Hsfr7                                sfr7         10008
__Hsfr8                                sfr8         10008
__Hsfr9                                sfr9         10008
__Hspace_0                             (abs)        10008
__Hspace_1                             (abs)        10008
__Hspace_2                             (abs)        00000
__Hspace_3                             (abs)        08004
__Hstack                               stack        00000
__Hstrings                             strings      10008
__Hstringtext1                         stringtext1  10008
__Hstringtext2                         stringtext2  10008
__Hstringtext3                         stringtext3  10008
__Htext                                text         10008
__Labs1                                abs1         10008
__Lbank0                               bank0        10008
__Lbank1                               bank1        10008
__Lbank10                              bank10       10008
__Lbank11                              bank11       10008
__Lbank12                              bank12       10008
__Lbank13                              bank13       10008
__Lbank14                              bank14       10008
__Lbank15                              bank15       10008
__Lbank16                              bank16       10008
__Lbank17                              bank17       10008
__Lbank18                              bank18       10008
__Lbank19                              bank19       10008
__Lbank2                               bank2        10008
__Lbank20                              bank20       10008
__Lbank21                              bank21       10008
__Lbank22                              bank22       10008
__Lbank23                              bank23       10008
__Lbank24                              bank24       10008
__Lbank25                              bank25       10008
__Lbank26                              bank26       10008
__Lbank27                              bank27       10008
__Lbank28                              bank28       10008
__Lbank29                              bank29       10008
__Lbank3                               bank3        10008
__Lbank30                              bank30       10008
__Lbank31                              bank31       10008
__Lbank4                               bank4        10008
__Lbank5                               bank5        10008
__Lbank6                               bank6        10008
__Lbank7                               bank7        10008
__Lbank8                               bank8        10008
__Lbank9                               bank9        10008
__Lbigram                              bigram       10008
__Lcinit                               cinit        007FD
__Lclrtext                             clrtext      10008
__Lcode                                code         10008
__Lcommon                              common       10008
__Lconfig                              config       08007
__LcstackBANK0                         cstackBANK0  10008
__LcstackCOMMON                        cstackCOMMON 10008
__Leeprom_data                         eeprom_data  08004
__Lend_init                            end_init     00002
__Lfunctab                             functab      00000
__Lidloc                               idloc        08000
__Linit                                init         00002
__Lintentry                            intentry     00002
__Lmaintext                            maintext     10008
__Lpowerup                             powerup      00000
__Lram                                 ram          10008
__Lreset_vec                           reset_vec    00000
__Lsfr0                                sfr0         10008
__Lsfr1                                sfr1         10008
__Lsfr10                               sfr10        10008
__Lsfr11                               sfr11        10008
__Lsfr12                               sfr12        10008
__Lsfr13                               sfr13        10008
__Lsfr14                               sfr14        10008
__Lsfr15                               sfr15        10008
__Lsfr16                               sfr16        10008
__Lsfr17                               sfr17        10008
__Lsfr18                               sfr18        10008
__Lsfr19                               sfr19        10008
__Lsfr2                                sfr2         10008
__Lsfr20                               sfr20        10008
__Lsfr21                               sfr21        10008
__Lsfr22                               sfr22        10008
__Lsfr23                               sfr23        10008
__Lsfr24                               sfr24        10008
__Lsfr25                               sfr25        10008
__Lsfr26                               sfr26        10008
__Lsfr27                               sfr27        10008
__Lsfr28                               sfr28        10008
__Lsfr29                               sfr29        10008
__Lsfr3                                sfr3         10008
__Lsfr30                               sfr30        10008
__Lsfr31                               sfr31        10008
__Lsfr4                                sfr4         10008
__Lsfr5                                sfr5         10008
__Lsfr6                                sfr6         10008
__Lsfr7                                sfr7         10008
__Lsfr8                                sfr8         10008
__Lsfr9                                sfr9         10008
__Lspace_0                             (abs)        00000
__Lspace_1                             (abs)        00000
__Lspace_2                             (abs)        00000
__Lspace_3                             (abs)        00000
__Lstack                               stack        00000
__Lstrings                             strings      10008
__Lstringtext1                         stringtext1  10008
__Lstringtext2                         stringtext2  10008
__Lstringtext3                         stringtext3  10008
__Ltext                                text         10008
__S0                                   (abs)        08009
__S1                                   (abs)        0007E
__S2                                   (abs)        00000
___ftadd                               text8        00708
___ftadd@exp1                          cstackBANK0  00026
___ftadd@exp2                          cstackBANK0  00025
___ftadd@f1                            cstackCOMMON 00078
___ftadd@f2                            cstackCOMMON 0007B
___ftadd@sign                          cstackBANK0  00024
___ftdiv                               text7        005AC
___ftdiv@cntr                          cstackBANK0  00024
___ftdiv@exp                           cstackBANK0  00028
___ftdiv@f1                            cstackCOMMON 0007B
___ftdiv@f2                            cstackCOMMON 00078
___ftdiv@f3                            cstackBANK0  00025
___ftdiv@sign                          cstackBANK0  00029
___ftge                                text6        003A5
___ftge@ff1                            cstackCOMMON 00070
___ftge@ff2                            cstackCOMMON 00073
___ftmul                               text5        00654
___ftmul@cntr                          cstackBANK0  00032
___ftmul@exp                           cstackBANK0  0002E
___ftmul@f1                            cstackBANK0  00024
___ftmul@f2                            cstackBANK0  00027
___ftmul@f3_as_product                 cstackBANK0  0002F
___ftmul@sign                          cstackBANK0  00033
___ftneg                               text4        00359
___ftneg@f1                            cstackCOMMON 00070
___ftpack                              text9        0041F
___ftpack@arg                          cstackCOMMON 00070
___ftpack@exp                          cstackCOMMON 00073
___ftpack@sign                         cstackCOMMON 00074
___fttol                               text3        00483
___fttol@exp1                          cstackBANK0  00041
___fttol@f1                            cstackBANK0  00034
___fttol@lval                          cstackBANK0  0003D
___fttol@sign1                         cstackBANK0  0003C
___int_sp                              stack        00000
___latbits                             (abs)        00003
___lbtoft                              text2        0038B
___lbtoft@c                            cstackCOMMON 0007B
___sp                                  stack        00000
__end_of_DAC1_Initialize               text17       00349
__end_of_DAC1_Load16bitInputData       text10       00359
__end_of_FVR_Initialize                text16       0033D
__end_of_OPA2_Initialize               text15       00351
__end_of_OSCILLATOR_Initialize         text14       0036B
__end_of_PIN_MANAGER_Initialize        text13       0041F
__end_of_SYSTEM_Initialize             text11       0038B
__end_of_WDT_Initialize                text12       00341
__end_of___ftadd                       text8        007FD
__end_of___ftdiv                       text7        00654
__end_of___ftge                        text6        003E0
__end_of___ftmul                       text5        00708
__end_of___ftneg                       text4        00361
__end_of___ftpack                      text9        00483
__end_of___fttol                       text3        0050A
__end_of___lbtoft                      text2        003A5
__end_of__initialization               cinit        007FD
__end_of_dac1_voltage                  text1        005AC
__end_of_main                          maintext     00379
__end_ofdac1_voltage@dac_mult          stringtext3  00807
__end_ofdac1_voltage@offset            stringtext1  00803
__end_ofdac1_voltage@volt_max          stringtext2  00806
__initialization                       cinit        007FD
__pcstackBANK0                         cstackBANK0  00020
__pcstackCOMMON                        cstackCOMMON 00070
__pmaintext                            maintext     0036B
__pstringtext1                         stringtext1  00800
__pstringtext2                         stringtext2  00803
__pstringtext3                         stringtext3  00806
__ptext1                               text1        0050A
__ptext10                              text10       00351
__ptext11                              text11       00379
__ptext12                              text12       0033D
__ptext13                              text13       003E0
__ptext14                              text14       00361
__ptext15                              text15       00349
__ptext16                              text16       00339
__ptext17                              text17       00341
__ptext2                               text2        0038B
__ptext3                               text3        00483
__ptext4                               text4        00359
__ptext5                               text5        00654
__ptext6                               text6        003A5
__ptext7                               text7        005AC
__ptext8                               text8        00708
__ptext9                               text9        0041F
__size_of_DAC1_Initialize              (abs)        00000
__size_of_DAC1_Load16bitInputData      (abs)        00000
__size_of_FVR_Initialize               (abs)        00000
__size_of_OPA2_Initialize              (abs)        00000
__size_of_OSCILLATOR_Initialize        (abs)        00000
__size_of_PIN_MANAGER_Initialize       (abs)        00000
__size_of_SYSTEM_Initialize            (abs)        00000
__size_of_WDT_Initialize               (abs)        00000
__size_of___ftadd                      (abs)        00000
__size_of___ftdiv                      (abs)        00000
__size_of___ftge                       (abs)        00000
__size_of___ftmul                      (abs)        00000
__size_of___ftneg                      (abs)        00000
__size_of___ftpack                     (abs)        00000
__size_of___fttol                      (abs)        00000
__size_of___lbtoft                     (abs)        00000
__size_of_dac1_voltage                 (abs)        00000
__size_of_main                         (abs)        00000
_dac1_voltage                          text1        0050A
_main                                  maintext     0036B
btemp                                  (abs)        0007E
dac1_voltage@count                     cstackBANK0  00048
dac1_voltage@dac_mult                  stringtext3  00806
dac1_voltage@div                       cstackBANK0  00045
dac1_voltage@offset                    stringtext1  00800
dac1_voltage@volt                      cstackBANK0  00042
dac1_voltage@volt_max                  stringtext2  00803
end_of_initialization                  cinit        007FD
intlevel0                              functab      00000
intlevel1                              functab      00000
intlevel2                              functab      00000
intlevel3                              functab      00000
intlevel4                              functab      00000
intlevel5                              functab      00000
reset_vec                              reset_vec    00000
stackhi                                (abs)        027EF
stacklo                                (abs)        0202A
start                                  init         00002
start_initialization                   cinit        007FD
wtemp0                                 (abs)        0007E


FUNCTION INFORMATION:

 *************** function _main *****************
 Defined at:
		line 49 in file "main.c"
 Parameters:    Size  Location     Type
		None
 Auto vars:     Size  Location     Type
		None
 Return value:  Size  Location     Type
                  1    wreg      void 
 Registers used:
		wreg, fsr0l, fsr0h, status,2, status,0, pclath, cstack
 Tracked objects:
		On entry : 
		On exit  : 
		Unchanged: 
 Data sizes:     COMMON   BANK0   BANK1   BANK2   BANK3   BANK4   BANK5   BANK6   BANK7   BANK8   BANK9  BANK10  BANK11  BANK12  BANK13  BANK14  BANK15  BANK16  BANK17  BANK18  BANK19  BANK20  BANK21  BANK22  BANK23  BANK24  BANK25
      Params:         0       0       0       0       0       0       0       0       0       0       0       0       0       0       0       0       0       0       0       0       0       0       0       0       0       0       0
      Locals:         0       0       0       0       0       0       0       0       0       0       0       0       0       0       0       0       0       0       0       0       0       0       0       0       0       0       0
      Temps:          0       0       0       0       0       0       0       0       0       0       0       0       0       0       0       0       0       0       0       0       0       0       0       0       0       0       0
      Totals:         0       0       0       0       0       0       0       0       0       0       0       0       0       0       0       0       0       0       0       0       0       0       0       0       0       0       0
Total ram usage:        0 bytes
 Hardware stack levels required when called:    3
 This function calls:
		_SYSTEM_Initialize
		_dac1_voltage
 This function is called by:
		Startup code after reset
 This function uses a non-reentrant model


 *************** function _dac1_voltage *****************
 Defined at:
		line 14 in file "dac1_control.c"
 Parameters:    Size  Location     Type
  volt            3   34[BANK0 ] float 
 Auto vars:     Size  Location     Type
  div             3   37[BANK0 ] float 
  count           2   40[BANK0 ] unsigned int 
 Return value:  Size  Location     Type
                  1    wreg      void 
 Registers used:
		wreg, fsr0l, fsr0h, status,2, status,0, pclath, cstack
 Tracked objects:
		On entry : 
		On exit  : 
		Unchanged: 
 Data sizes:     COMMON   BANK0   BANK1   BANK2   BANK3   BANK4   BANK5   BANK6   BANK7   BANK8   BANK9  BANK10  BANK11  BANK12  BANK13  BANK14  BANK15  BANK16  BANK17  BANK18  BANK19  BANK20  BANK21  BANK22  BANK23  BANK24  BANK25
      Params:         0       3       0       0       0       0       0       0       0       0       0       0       0       0       0       0       0       0       0       0       0       0       0       0       0       0       0
      Locals:         0       5       0       0       0       0       0       0       0       0       0       0       0       0       0       0       0       0       0       0       0       0       0       0       0       0       0
      Temps:          0       0       0       0       0       0       0       0       0       0       0       0       0       0       0       0       0       0       0       0       0       0       0       0       0       0       0
      Totals:         0       8       0       0       0       0       0       0       0       0       0       0       0       0       0       0       0       0       0       0       0       0       0       0       0       0       0
Total ram usage:        8 bytes
 Hardware stack levels used:    1
 Hardware stack levels required when called:    2
 This function calls:
		_DAC1_Load16bitInputData
		___ftadd
		___ftdiv
		___ftge
		___ftmul
		___ftneg
		___fttol
		___lbtoft
 This function is called by:
		_main
 This function uses a non-reentrant model


 *************** function ___lbtoft *****************
 Defined at:
		line 27 in file "C:\Program Files (x86)\Microchip\xc8\v1.45\sources\common\lbtoft.c"
 Parameters:    Size  Location     Type
  c               1    wreg     unsigned char 
 Auto vars:     Size  Location     Type
  c               1   11[COMMON] unsigned char 
 Return value:  Size  Location     Type
                  3    8[COMMON] float 
 Registers used:
		wreg, status,2, status,0, pclath, cstack
 Tracked objects:
		On entry : 
		On exit  : 
		Unchanged: 
 Data sizes:     COMMON   BANK0   BANK1   BANK2   BANK3   BANK4   BANK5   BANK6   BANK7   BANK8   BANK9  BANK10  BANK11  BANK12  BANK13  BANK14  BANK15  BANK16  BANK17  BANK18  BANK19  BANK20  BANK21  BANK22  BANK23  BANK24  BANK25
      Params:         3       0       0       0       0       0       0       0       0       0       0       0       0       0       0       0       0       0       0       0       0       0       0       0       0       0       0
      Locals:         1       0       0       0       0       0       0       0       0       0       0       0       0       0       0       0       0       0       0       0       0       0       0       0       0       0       0
      Temps:          0       4       0       0       0       0       0       0       0       0       0       0       0       0       0       0       0       0       0       0       0       0       0       0       0       0       0
      Totals:         4       4       0       0       0       0       0       0       0       0       0       0       0       0       0       0       0       0       0       0       0       0       0       0       0       0       0
Total ram usage:        8 bytes
 Hardware stack levels used:    1
 Hardware stack levels required when called:    1
 This function calls:
		___ftpack
 This function is called by:
		_dac1_voltage
 This function uses a non-reentrant model


 *************** function ___fttol *****************
 Defined at:
		line 44 in file "C:\Program Files (x86)\Microchip\xc8\v1.45\sources\common\fttol.c"
 Parameters:    Size  Location     Type
  f1              3   20[BANK0 ] float 
 Auto vars:     Size  Location     Type
  lval            4   29[BANK0 ] unsigned long 
  exp1            1   33[BANK0 ] unsigned char 
  sign1           1   28[BANK0 ] unsigned char 
 Return value:  Size  Location     Type
                  4   20[BANK0 ] long 
 Registers used:
		wreg, status,2, status,0
 Tracked objects:
		On entry : 
		On exit  : 
		Unchanged: 
 Data sizes:     COMMON   BANK0   BANK1   BANK2   BANK3   BANK4   BANK5   BANK6   BANK7   BANK8   BANK9  BANK10  BANK11  BANK12  BANK13  BANK14  BANK15  BANK16  BANK17  BANK18  BANK19  BANK20  BANK21  BANK22  BANK23  BANK24  BANK25
      Params:         0       4       0       0       0       0       0       0       0       0       0       0       0       0       0       0       0       0       0       0       0       0       0       0       0       0       0
      Locals:         0       6       0       0       0       0       0       0       0       0       0       0       0       0       0       0       0       0       0       0       0       0       0       0       0       0       0
      Temps:          0       4       0       0       0       0       0       0       0       0       0       0       0       0       0       0       0       0       0       0       0       0       0       0       0       0       0
      Totals:         0      14       0       0       0       0       0       0       0       0       0       0       0       0       0       0       0       0       0       0       0       0       0       0       0       0       0
Total ram usage:       14 bytes
 Hardware stack levels used:    1
 This function calls:
		Nothing
 This function is called by:
		_dac1_voltage
 This function uses a non-reentrant model


 *************** function ___ftneg *****************
 Defined at:
		line 15 in file "C:\Program Files (x86)\Microchip\xc8\v1.45\sources\common\ftneg.c"
 Parameters:    Size  Location     Type
  f1              3    0[COMMON] float 
 Auto vars:     Size  Location     Type
		None
 Return value:  Size  Location     Type
                  3    0[COMMON] float 
 Registers used:
		wreg
 Tracked objects:
		On entry : 
		On exit  : 
		Unchanged: 
 Data sizes:     COMMON   BANK0   BANK1   BANK2   BANK3   BANK4   BANK5   BANK6   BANK7   BANK8   BANK9  BANK10  BANK11  BANK12  BANK13  BANK14  BANK15  BANK16  BANK17  BANK18  BANK19  BANK20  BANK21  BANK22  BANK23  BANK24  BANK25
      Params:         3       0       0       0       0       0       0       0       0       0       0       0       0       0       0       0       0       0       0       0       0       0       0       0       0       0       0
      Locals:         0       0       0       0       0       0       0       0       0       0       0       0       0       0       0       0       0       0       0       0       0       0       0       0       0       0       0
      Temps:          0       0       0       0       0       0       0       0       0       0       0       0       0       0       0       0       0       0       0       0       0       0       0       0       0       0       0
      Totals:         3       0       0       0       0       0       0       0       0       0       0       0       0       0       0       0       0       0       0       0       0       0       0       0       0       0       0
Total ram usage:        3 bytes
 Hardware stack levels used:    1
 This function calls:
		Nothing
 This function is called by:
		_dac1_voltage
 This function uses a non-reentrant model


 *************** function ___ftmul *****************
 Defined at:
		line 62 in file "C:\Program Files (x86)\Microchip\xc8\v1.45\sources\common\ftmul.c"
 Parameters:    Size  Location     Type
  f1              3    4[BANK0 ] float 
  f2              3    7[BANK0 ] float 
 Auto vars:     Size  Location     Type
  f3_as_produc    3   15[BANK0 ] unsigned um
  sign            1   19[BANK0 ] unsigned char 
  cntr            1   18[BANK0 ] unsigned char 
  exp             1   14[BANK0 ] unsigned char 
 Return value:  Size  Location     Type
                  3    4[BANK0 ] float 
 Registers used:
		wreg, status,2, status,0, pclath, cstack
 Tracked objects:
		On entry : 
		On exit  : 
		Unchanged: 
 Data sizes:     COMMON   BANK0   BANK1   BANK2   BANK3   BANK4   BANK5   BANK6   BANK7   BANK8   BANK9  BANK10  BANK11  BANK12  BANK13  BANK14  BANK15  BANK16  BANK17  BANK18  BANK19  BANK20  BANK21  BANK22  BANK23  BANK24  BANK25
      Params:         0       6       0       0       0       0       0       0       0       0       0       0       0       0       0       0       0       0       0       0       0       0       0       0       0       0       0
      Locals:         0       6       0       0       0       0       0       0       0       0       0       0       0       0       0       0       0       0       0       0       0       0       0       0       0       0       0
      Temps:          0       4       0       0       0       0       0       0       0       0       0       0       0       0       0       0       0       0       0       0       0       0       0       0       0       0       0
      Totals:         0      16       0       0       0       0       0       0       0       0       0       0       0       0       0       0       0       0       0       0       0       0       0       0       0       0       0
Total ram usage:       16 bytes
 Hardware stack levels used:    1
 Hardware stack levels required when called:    1
 This function calls:
		___ftpack
 This function is called by:
		_dac1_voltage
 This function uses a non-reentrant model


 *************** function ___ftge *****************
 Defined at:
		line 4 in file "C:\Program Files (x86)\Microchip\xc8\v1.45\sources\common\ftge.c"
 Parameters:    Size  Location     Type
  ff1             3    0[COMMON] float 
  ff2             3    3[COMMON] float 
 Auto vars:     Size  Location     Type
		None
 Return value:  Size  Location     Type
		None               void
 Registers used:
		wreg, status,2, status,0
 Tracked objects:
		On entry : 
		On exit  : 
		Unchanged: 
 Data sizes:     COMMON   BANK0   BANK1   BANK2   BANK3   BANK4   BANK5   BANK6   BANK7   BANK8   BANK9  BANK10  BANK11  BANK12  BANK13  BANK14  BANK15  BANK16  BANK17  BANK18  BANK19  BANK20  BANK21  BANK22  BANK23  BANK24  BANK25
      Params:         6       0       0       0       0       0       0       0       0       0       0       0       0       0       0       0       0       0       0       0       0       0       0       0       0       0       0
      Locals:         0       0       0       0       0       0       0       0       0       0       0       0       0       0       0       0       0       0       0       0       0       0       0       0       0       0       0
      Temps:          3       0       0       0       0       0       0       0       0       0       0       0       0       0       0       0       0       0       0       0       0       0       0       0       0       0       0
      Totals:         9       0       0       0       0       0       0       0       0       0       0       0       0       0       0       0       0       0       0       0       0       0       0       0       0       0       0
Total ram usage:        9 bytes
 Hardware stack levels used:    1
 This function calls:
		Nothing
 This function is called by:
		_dac1_voltage
 This function uses a non-reentrant model


 *************** function ___ftdiv *****************
 Defined at:
		line 56 in file "C:\Program Files (x86)\Microchip\xc8\v1.45\sources\common\ftdiv.c"
 Parameters:    Size  Location     Type
  f2              3    8[COMMON] float 
  f1              3   11[COMMON] float 
 Auto vars:     Size  Location     Type
  f3              3    5[BANK0 ] float 
  sign            1    9[BANK0 ] unsigned char 
  exp             1    8[BANK0 ] unsigned char 
  cntr            1    4[BANK0 ] unsigned char 
 Return value:  Size  Location     Type
                  3    8[COMMON] float 
 Registers used:
		wreg, status,2, status,0, pclath, cstack
 Tracked objects:
		On entry : 
		On exit  : 
		Unchanged: 
 Data sizes:     COMMON   BANK0   BANK1   BANK2   BANK3   BANK4   BANK5   BANK6   BANK7   BANK8   BANK9  BANK10  BANK11  BANK12  BANK13  BANK14  BANK15  BANK16  BANK17  BANK18  BANK19  BANK20  BANK21  BANK22  BANK23  BANK24  BANK25
      Params:         6       0       0       0       0       0       0       0       0       0       0       0       0       0       0       0       0       0       0       0       0       0       0       0       0       0       0
      Locals:         0       6       0       0       0       0       0       0       0       0       0       0       0       0       0       0       0       0       0       0       0       0       0       0       0       0       0
      Temps:          0       4       0       0       0       0       0       0       0       0       0       0       0       0       0       0       0       0       0       0       0       0       0       0       0       0       0
      Totals:         6      10       0       0       0       0       0       0       0       0       0       0       0       0       0       0       0       0       0       0       0       0       0       0       0       0       0
Total ram usage:       16 bytes
 Hardware stack levels used:    1
 Hardware stack levels required when called:    1
 This function calls:
		___ftpack
 This function is called by:
		_dac1_voltage
 This function uses a non-reentrant model


 *************** function ___ftadd *****************
 Defined at:
		line 86 in file "C:\Program Files (x86)\Microchip\xc8\v1.45\sources\common\ftadd.c"
 Parameters:    Size  Location     Type
  f1              3    8[COMMON] float 
  f2              3   11[COMMON] float 
 Auto vars:     Size  Location     Type
  exp1            1    6[BANK0 ] unsigned char 
  exp2            1    5[BANK0 ] unsigned char 
  sign            1    4[BANK0 ] unsigned char 
 Return value:  Size  Location     Type
                  3    8[COMMON] float 
 Registers used:
		wreg, status,2, status,0, pclath, cstack
 Tracked objects:
		On entry : 
		On exit  : 
		Unchanged: 
 Data sizes:     COMMON   BANK0   BANK1   BANK2   BANK3   BANK4   BANK5   BANK6   BANK7   BANK8   BANK9  BANK10  BANK11  BANK12  BANK13  BANK14  BANK15  BANK16  BANK17  BANK18  BANK19  BANK20  BANK21  BANK22  BANK23  BANK24  BANK25
      Params:         6       0       0       0       0       0       0       0       0       0       0       0       0       0       0       0       0       0       0       0       0       0       0       0       0       0       0
      Locals:         0       3       0       0       0       0       0       0       0       0       0       0       0       0       0       0       0       0       0       0       0       0       0       0       0       0       0
      Temps:          0       4       0       0       0       0       0       0       0       0       0       0       0       0       0       0       0       0       0       0       0       0       0       0       0       0       0
      Totals:         6       7       0       0       0       0       0       0       0       0       0       0       0       0       0       0       0       0       0       0       0       0       0       0       0       0       0
Total ram usage:       13 bytes
 Hardware stack levels used:    1
 Hardware stack levels required when called:    1
 This function calls:
		___ftpack
 This function is called by:
		_dac1_voltage
 This function uses a non-reentrant model


 *************** function ___ftpack *****************
 Defined at:
		line 62 in file "C:\Program Files (x86)\Microchip\xc8\v1.45\sources\common\float.c"
 Parameters:    Size  Location     Type
  arg             3    0[COMMON] unsigned um
  exp             1    3[COMMON] unsigned char 
  sign            1    4[COMMON] unsigned char 
 Auto vars:     Size  Location     Type
		None
 Return value:  Size  Location     Type
                  3    0[COMMON] float 
 Registers used:
		wreg, status,2, status,0
 Tracked objects:
		On entry : 
		On exit  : 
		Unchanged: 
 Data sizes:     COMMON   BANK0   BANK1   BANK2   BANK3   BANK4   BANK5   BANK6   BANK7   BANK8   BANK9  BANK10  BANK11  BANK12  BANK13  BANK14  BANK15  BANK16  BANK17  BANK18  BANK19  BANK20  BANK21  BANK22  BANK23  BANK24  BANK25
      Params:         5       0       0       0       0       0       0       0       0       0       0       0       0       0       0       0       0       0       0       0       0       0       0       0       0       0       0
      Locals:         0       0       0       0       0       0       0       0       0       0       0       0       0       0       0       0       0       0       0       0       0       0       0       0       0       0       0
      Temps:          3       0       0       0       0       0       0       0       0       0       0       0       0       0       0       0       0       0       0       0       0       0       0       0       0       0       0
      Totals:         8       0       0       0       0       0       0       0       0       0       0       0       0       0       0       0       0       0       0       0       0       0       0       0       0       0       0
Total ram usage:        8 bytes
 Hardware stack levels used:    1
 This function calls:
		Nothing
 This function is called by:
		___ftadd
		___ftdiv
		___ftmul
		___lbtoft
 This function uses a non-reentrant model


 *************** function _DAC1_Load16bitInputData *****************
 Defined at:
		line 81 in file "mcc_generated_files/dac1.c"
 Parameters:    Size  Location     Type
  input16BitDa    2    0[COMMON] unsigned int 
 Auto vars:     Size  Location     Type
		None
 Return value:  Size  Location     Type
                  1    wreg      void 
 Registers used:
		wreg, status,2
 Tracked objects:
		On entry : 
		On exit  : 
		Unchanged: 
 Data sizes:     COMMON   BANK0   BANK1   BANK2   BANK3   BANK4   BANK5   BANK6   BANK7   BANK8   BANK9  BANK10  BANK11  BANK12  BANK13  BANK14  BANK15  BANK16  BANK17  BANK18  BANK19  BANK20  BANK21  BANK22  BANK23  BANK24  BANK25
      Params:         2       0       0       0       0       0       0       0       0       0       0       0       0       0       0       0       0       0       0       0       0       0       0       0       0       0       0
      Locals:         0       0       0       0       0       0       0       0       0       0       0       0       0       0       0       0       0       0       0       0       0       0       0       0       0       0       0
      Temps:          0       0       0       0       0       0       0       0       0       0       0       0       0       0       0       0       0       0       0       0       0       0       0       0       0       0       0
      Totals:         2       0       0       0       0       0       0       0       0       0       0       0       0       0       0       0       0       0       0       0       0       0       0       0       0       0       0
Total ram usage:        2 bytes
 Hardware stack levels used:    1
 This function calls:
		Nothing
 This function is called by:
		_dac1_voltage
 This function uses a non-reentrant model


 *************** function _SYSTEM_Initialize *****************
 Defined at:
		line 50 in file "mcc_generated_files/mcc.c"
 Parameters:    Size  Location     Type
		None
 Auto vars:     Size  Location     Type
		None
 Return value:  Size  Location     Type
                  1    wreg      void 
 Registers used:
		wreg, status,2, status,0, pclath, cstack
 Tracked objects:
		On entry : 
		On exit  : 
		Unchanged: 
 Data sizes:     COMMON   BANK0   BANK1   BANK2   BANK3   BANK4   BANK5   BANK6   BANK7   BANK8   BANK9  BANK10  BANK11  BANK12  BANK13  BANK14  BANK15  BANK16  BANK17  BANK18  BANK19  BANK20  BANK21  BANK22  BANK23  BANK24  BANK25
      Params:         0       0       0       0       0       0       0       0       0       0       0       0       0       0       0       0       0       0       0       0       0       0       0       0       0       0       0
      Locals:         0       0       0       0       0       0       0       0       0       0       0       0       0       0       0       0       0       0       0       0       0       0       0       0       0       0       0
      Temps:          0       0       0       0       0       0       0       0       0       0       0       0       0       0       0       0       0       0       0       0       0       0       0       0       0       0       0
      Totals:         0       0       0       0       0       0       0       0       0       0       0       0       0       0       0       0       0       0       0       0       0       0       0       0       0       0       0
Total ram usage:        0 bytes
 Hardware stack levels used:    1
 Hardware stack levels required when called:    1
 This function calls:
		_DAC1_Initialize
		_FVR_Initialize
		_OPA2_Initialize
		_OSCILLATOR_Initialize
		_PIN_MANAGER_Initialize
		_WDT_Initialize
 This function is called by:
		_main
 This function uses a non-reentrant model


 *************** function _WDT_Initialize *****************
 Defined at:
		line 77 in file "mcc_generated_files/mcc.c"
 Parameters:    Size  Location     Type
		None
 Auto vars:     Size  Location     Type
		None
 Return value:  Size  Location     Type
                  1    wreg      void 
 Registers used:
		wreg
 Tracked objects:
		On entry : 
		On exit  : 
		Unchanged: 
 Data sizes:     COMMON   BANK0   BANK1   BANK2   BANK3   BANK4   BANK5   BANK6   BANK7   BANK8   BANK9  BANK10  BANK11  BANK12  BANK13  BANK14  BANK15  BANK16  BANK17  BANK18  BANK19  BANK20  BANK21  BANK22  BANK23  BANK24  BANK25
      Params:         0       0       0       0       0       0       0       0       0       0       0       0       0       0       0       0       0       0       0       0       0       0       0       0       0       0       0
      Locals:         0       0       0       0       0       0       0       0       0       0       0       0       0       0       0       0       0       0       0       0       0       0       0       0       0       0       0
      Temps:          0       0       0       0       0       0       0       0       0       0       0       0       0       0       0       0       0       0       0       0       0       0       0       0       0       0       0
      Totals:         0       0       0       0       0       0       0       0       0       0       0       0       0       0       0       0       0       0       0       0       0       0       0       0       0       0       0
Total ram usage:        0 bytes
 Hardware stack levels used:    1
 This function calls:
		Nothing
 This function is called by:
		_SYSTEM_Initialize
 This function uses a non-reentrant model


 *************** function _PIN_MANAGER_Initialize *****************
 Defined at:
		line 55 in file "mcc_generated_files/pin_manager.c"
 Parameters:    Size  Location     Type
		None
 Auto vars:     Size  Location     Type
		None
 Return value:  Size  Location     Type
                  1    wreg      void 
 Registers used:
		wreg, status,2
 Tracked objects:
		On entry : 
		On exit  : 
		Unchanged: 
 Data sizes:     COMMON   BANK0   BANK1   BANK2   BANK3   BANK4   BANK5   BANK6   BANK7   BANK8   BANK9  BANK10  BANK11  BANK12  BANK13  BANK14  BANK15  BANK16  BANK17  BANK18  BANK19  BANK20  BANK21  BANK22  BANK23  BANK24  BANK25
      Params:         0       0       0       0       0       0       0       0       0       0       0       0       0       0       0       0       0       0       0       0       0       0       0       0       0       0       0
      Locals:         0       0       0       0       0       0       0       0       0       0       0       0       0       0       0       0       0       0       0       0       0       0       0       0       0       0       0
      Temps:          0       0       0       0       0       0       0       0       0       0       0       0       0       0       0       0       0       0       0       0       0       0       0       0       0       0       0
      Totals:         0       0       0       0       0       0       0       0       0       0       0       0       0       0       0       0       0       0       0       0       0       0       0       0       0       0       0
Total ram usage:        0 bytes
 Hardware stack levels used:    1
 This function calls:
		Nothing
 This function is called by:
		_SYSTEM_Initialize
 This function uses a non-reentrant model


 *************** function _OSCILLATOR_Initialize *****************
 Defined at:
		line 61 in file "mcc_generated_files/mcc.c"
 Parameters:    Size  Location     Type
		None
 Auto vars:     Size  Location     Type
		None
 Return value:  Size  Location     Type
                  1    wreg      void 
 Registers used:
		wreg, status,2
 Tracked objects:
		On entry : 
		On exit  : 
		Unchanged: 
 Data sizes:     COMMON   BANK0   BANK1   BANK2   BANK3   BANK4   BANK5   BANK6   BANK7   BANK8   BANK9  BANK10  BANK11  BANK12  BANK13  BANK14  BANK15  BANK16  BANK17  BANK18  BANK19  BANK20  BANK21  BANK22  BANK23  BANK24  BANK25
      Params:         0       0       0       0       0       0       0       0       0       0       0       0       0       0       0       0       0       0       0       0       0       0       0       0       0       0       0
      Locals:         0       0       0       0       0       0       0       0       0       0       0       0       0       0       0       0       0       0       0       0       0       0       0       0       0       0       0
      Temps:          0       0       0       0       0       0       0       0       0       0       0       0       0       0       0       0       0       0       0       0       0       0       0       0       0       0       0
      Totals:         0       0       0       0       0       0       0       0       0       0       0       0       0       0       0       0       0       0       0       0       0       0       0       0       0       0       0
Total ram usage:        0 bytes
 Hardware stack levels used:    1
 This function calls:
		Nothing
 This function is called by:
		_SYSTEM_Initialize
 This function uses a non-reentrant model


 *************** function _OPA2_Initialize *****************
 Defined at:
		line 58 in file "mcc_generated_files/opa2.c"
 Parameters:    Size  Location     Type
		None
 Auto vars:     Size  Location     Type
		None
 Return value:  Size  Location     Type
                  1    wreg      void 
 Registers used:
		wreg, status,2
 Tracked objects:
		On entry : 
		On exit  : 
		Unchanged: 
 Data sizes:     COMMON   BANK0   BANK1   BANK2   BANK3   BANK4   BANK5   BANK6   BANK7   BANK8   BANK9  BANK10  BANK11  BANK12  BANK13  BANK14  BANK15  BANK16  BANK17  BANK18  BANK19  BANK20  BANK21  BANK22  BANK23  BANK24  BANK25
      Params:         0       0       0       0       0       0       0       0       0       0       0       0       0       0       0       0       0       0       0       0       0       0       0       0       0       0       0
      Locals:         0       0       0       0       0       0       0       0       0       0       0       0       0       0       0       0       0       0       0       0       0       0       0       0       0       0       0
      Temps:          0       0       0       0       0       0       0       0       0       0       0       0       0       0       0       0       0       0       0       0       0       0       0       0       0       0       0
      Totals:         0       0       0       0       0       0       0       0       0       0       0       0       0       0       0       0       0       0       0       0       0       0       0       0       0       0       0
Total ram usage:        0 bytes
 Hardware stack levels used:    1
 This function calls:
		Nothing
 This function is called by:
		_SYSTEM_Initialize
 This function uses a non-reentrant model


 *************** function _FVR_Initialize *****************
 Defined at:
		line 58 in file "mcc_generated_files/fvr.c"
 Parameters:    Size  Location     Type
		None
 Auto vars:     Size  Location     Type
		None
 Return value:  Size  Location     Type
                  1    wreg      void 
 Registers used:
		wreg
 Tracked objects:
		On entry : 
		On exit  : 
		Unchanged: 
 Data sizes:     COMMON   BANK0   BANK1   BANK2   BANK3   BANK4   BANK5   BANK6   BANK7   BANK8   BANK9  BANK10  BANK11  BANK12  BANK13  BANK14  BANK15  BANK16  BANK17  BANK18  BANK19  BANK20  BANK21  BANK22  BANK23  BANK24  BANK25
      Params:         0       0       0       0       0       0       0       0       0       0       0       0       0       0       0       0       0       0       0       0       0       0       0       0       0       0       0
      Locals:         0       0       0       0       0       0       0       0       0       0       0       0       0       0       0       0       0       0       0       0       0       0       0       0       0       0       0
      Temps:          0       0       0       0       0       0       0       0       0       0       0       0       0       0       0       0       0       0       0       0       0       0       0       0       0       0       0
      Totals:         0       0       0       0       0       0       0       0       0       0       0       0       0       0       0       0       0       0       0       0       0       0       0       0       0       0       0
Total ram usage:        0 bytes
 Hardware stack levels used:    1
 This function calls:
		Nothing
 This function is called by:
		_SYSTEM_Initialize
 This function uses a non-reentrant model


 *************** function _DAC1_Initialize *****************
 Defined at:
		line 68 in file "mcc_generated_files/dac1.c"
 Parameters:    Size  Location     Type
		None
 Auto vars:     Size  Location     Type
		None
 Return value:  Size  Location     Type
                  1    wreg      void 
 Registers used:
		wreg, status,2
 Tracked objects:
		On entry : 
		On exit  : 
		Unchanged: 
 Data sizes:     COMMON   BANK0   BANK1   BANK2   BANK3   BANK4   BANK5   BANK6   BANK7   BANK8   BANK9  BANK10  BANK11  BANK12  BANK13  BANK14  BANK15  BANK16  BANK17  BANK18  BANK19  BANK20  BANK21  BANK22  BANK23  BANK24  BANK25
      Params:         0       0       0       0       0       0       0       0       0       0       0       0       0       0       0       0       0       0       0       0       0       0       0       0       0       0       0
      Locals:         0       0       0       0       0       0       0       0       0       0       0       0       0       0       0       0       0       0       0       0       0       0       0       0       0       0       0
      Temps:          0       0       0       0       0       0       0       0       0       0       0       0       0       0       0       0       0       0       0       0       0       0       0       0       0       0       0
      Totals:         0       0       0       0       0       0       0       0       0       0       0       0       0       0       0       0       0       0       0       0       0       0       0       0       0       0       0
Total ram usage:        0 bytes
 Hardware stack levels used:    1
 This function calls:
		Nothing
 This function is called by:
		_SYSTEM_Initialize
 This function uses a non-reentrant model



MODULE INFORMATION

Module		Function		Class		Link	Load	Size
C:\Program Files (x86)\Microchip\xc8\v1.45\sources\common\ftneg.c
		___ftneg       		CODE           	0359	0000	9

C:\Program Files (x86)\Microchip\xc8\v1.45\sources\common\ftneg.c estimated size: 9

mcc_generated_files/opa2.c
		_OPA2_Initialize		CODE           	0349	0000	9

mcc_generated_files/opa2.c estimated size: 9

C:\Program Files (x86)\Microchip\xc8\v1.45\sources\common\float.c
		___ftpack      		CODE           	041F	0000	101

C:\Program Files (x86)\Microchip\xc8\v1.45\sources\common\float.c estimated size: 101

mcc_generated_files/fvr.c
		_FVR_Initialize		CODE           	0339	0000	5

mcc_generated_files/fvr.c estimated size: 5

C:\Program Files (x86)\Microchip\xc8\v1.45\sources\common\ftge.c
		___ftge        		CODE           	03A5	0000	60

C:\Program Files (x86)\Microchip\xc8\v1.45\sources\common\ftge.c estimated size: 60

mcc_generated_files/pin_manager.c
		_PIN_MANAGER_Initialize		CODE           	03E0	0000	64

mcc_generated_files/pin_manager.c estimated size: 64

C:\Program Files (x86)\Microchip\xc8\v1.45\sources\common\ftmul.c
		___ftmul       		CODE           	0654	0000	181

C:\Program Files (x86)\Microchip\xc8\v1.45\sources\common\ftmul.c estimated size: 181

C:\Program Files (x86)\Microchip\xc8\v1.45\sources\common\ftdiv.c
		___ftdiv       		CODE           	05AC	0000	169

C:\Program Files (x86)\Microchip\xc8\v1.45\sources\common\ftdiv.c estimated size: 169

dac1_control.c
		_dac1_voltage  		CODE           	050A	0000	163

dac1_control.c estimated size: 163

shared
		dac1_voltage@offset		STRCODE        	0800	0000	4
		dac1_voltage@volt_max		STRCODE        	0803	0000	4
		__initialization		CODE           	07FD	0000	1
		dac1_voltage@dac_mult		STRCODE        	0806	0000	2

shared estimated size: 11

mcc_generated_files/mcc.c
		_WDT_Initialize		CODE           	033D	0000	5
		_OSCILLATOR_Initialize		CODE           	0361	0000	11
		_SYSTEM_Initialize		CODE           	0379	0000	19

mcc_generated_files/mcc.c estimated size: 35

C:\Program Files (x86)\Microchip\xc8\v1.45\sources\common\fttol.c
		___fttol       		CODE           	0483	0000	136

C:\Program Files (x86)\Microchip\xc8\v1.45\sources\common\fttol.c estimated size: 136

C:\Program Files (x86)\Microchip\xc8\v1.45\sources\common\ftadd.c
		___ftadd       		CODE           	0708	0000	246

C:\Program Files (x86)\Microchip\xc8\v1.45\sources\common\ftadd.c estimated size: 246

mcc_generated_files/dac1.c
		_DAC1_Load16bitInputData		CODE           	0351	0000	9
		_DAC1_Initialize		CODE           	0341	0000	9

mcc_generated_files/dac1.c estimated size: 18

main.c
		_main          		CODE           	036B	0000	15

main.c estimated size: 15

C:\Program Files (x86)\Microchip\xc8\v1.45\sources\common\lbtoft.c
		___lbtoft      		CODE           	038B	0000	27

C:\Program Files (x86)\Microchip\xc8\v1.45\sources\common\lbtoft.c estimated size: 27

