Microchip MPLAB XC8 Compiler V1.45 ()

Linker command line:

-W-3 --edf=C:\Program Files (x86)\Microchip\xc8\v1.45\dat\en_msgs.txt -cs \
  -h+dist/default/production\Firmware.production.sym \
  --cmf=dist/default/production\Firmware.production.cmf -z -Q16F1779 \
  -oC:\Users\user\AppData\Local\Temp\sbn4.2 \
  -Mdist/default/production/Firmware.production.map -E1 -ver=XC8 \
  -ASTACK=020B9h-027efh -pstack=STACK -ACODE=00h-07FFhx8 \
  -ASTRCODE=00h-03FFFh -ASTRING=00h-0FFhx64 -ACONST=00h-0FFhx64 \
  -AENTRY=00h-0FFhx64 -ACOMMON=070h-07Fh -ABANK0=020h-06Fh \
  -ABANK1=0A0h-0EFh -ABANK2=0120h-016Fh -ABANK3=01A0h-01EFh \
  -ABANK4=0220h-026Fh -ABANK5=02A0h-02EFh -ABANK6=0320h-036Fh \
  -ABANK7=03A0h-03EFh -ABANK8=0420h-046Fh -ABANK9=04A0h-04EFh \
  -ABANK10=0520h-056Fh -ABANK11=05A0h-05EFh -ABANK12=0620h-066Fh \
  -ABANK13=06A0h-06EFh -ABANK14=0720h-076Fh -ABANK15=07A0h-07EFh \
  -ABANK16=0820h-086Fh -ABANK17=08A0h-08EFh -ABANK18=0920h-096Fh \
  -ABANK19=09A0h-09EFh -ABANK20=0A20h-0A6Fh -ABANK21=0AA0h-0AEFh \
  -ABANK22=0B20h-0B6Fh -ABANK23=0BA0h-0BEFh -ABANK24=0C20h-0C6Fh \
  -ABANK25=0CA0h-0CBFh -ABIGRAM=02000h-027EFh \
  -ARAM=020h-06Fh,0A0h-0EFh,0120h-016Fh,01A0h-01EFh,0220h-026Fh,02A0h-02EFh,0320h-036Fh,03A0h-03EFh,0420h-046Fh,04A0h-04EFh,0520h-056Fh,05A0h-05EFh,0620h-066Fh,06A0h-06EFh,0720h-076Fh,07A0h-07EFh,0820h-086Fh,08A0h-08EFh,0920h-096Fh,09A0h-09EFh,0A20h-0A6Fh,0AA0h-0AEFh,0B20h-0B6Fh,0BA0h-0BEFh,0C20h-0C6Fh,0CA0h-0CBFh \
  -AABS1=020h-07Fh,0A0h-0EFh,0120h-016Fh,01A0h-01EFh,0220h-026Fh,02A0h-02EFh,0320h-036Fh,03A0h-03EFh,0420h-046Fh,04A0h-04EFh,0520h-056Fh,05A0h-05EFh,0620h-066Fh,06A0h-06EFh,0720h-076Fh,07A0h-07EFh,0820h-086Fh,08A0h-08EFh,0920h-096Fh,09A0h-09EFh,0A20h-0A6Fh,0AA0h-0AEFh,0B20h-0B6Fh,0BA0h-0BEFh,0C20h-0C6Fh,0CA0h-0CBFh \
  -ASFR0=00h-01Fh -ASFR1=080h-09Fh -ASFR2=0100h-011Fh -ASFR3=0180h-019Fh \
  -ASFR4=0200h-021Fh -ASFR5=0280h-029Fh -ASFR6=0300h-031Fh \
  -ASFR7=0380h-039Fh -ASFR8=0400h-041Fh -ASFR9=0480h-049Fh \
  -ASFR10=0500h-051Fh -ASFR11=0580h-059Fh -ASFR12=0600h-061Fh \
  -ASFR13=0680h-069Fh -ASFR14=0700h-071Fh -ASFR15=0780h-079Fh \
  -ASFR16=0800h-081Fh -ASFR17=0880h-089Fh -ASFR18=0900h-091Fh \
  -ASFR19=0980h-099Fh -ASFR20=0A00h-0A1Fh -ASFR21=0A80h-0A9Fh \
  -ASFR22=0B00h-0B1Fh -ASFR23=0B80h-0B9Fh -ASFR24=0C00h-0C1Fh \
  -ASFR25=0C80h-0C9Fh -ASFR26=0D00h-0D6Fh -ASFR27=0D80h-0DEFh \
  -ASFR28=0E00h-0E6Fh -ASFR29=0E80h-0EEFh -ASFR30=0F00h-0F6Fh \
  -ASFR31=0F80h-0FEFh -preset_vec=00h,intentry=04h,init,end_init \
  -ppowerup=CODE -pcinit=CODE -pfunctab=ENTRY -ACONFIG=08007h-08008h \
  -pconfig=CONFIG -DCONFIG=2 -AIDLOC=08000h-08003h -pidloc=IDLOC -DIDLOC=2 \
  -DCODE=2 -DSTRCODE=2 -DSTRING=2 -DCONST=2 -DENTRY=2 -k \
  C:\Users\user\AppData\Local\Temp\sbn4.obj \
  dist/default/production\Firmware.production.obj 

Object code version is 3.11

Machine type is 16F1779



                Name                               Link     Load   Length Selector   Space Scale
C:\Users\user\AppData\Local\Temp\sbn4.obj
                end_init                             15       15        2        8       0
                reset_vec                             0        0        2        0       0
                config                             8007     8007        2    1000E       0
dist/default/production\Firmware.production.obj
                cinit                                17       17       37        8       0
                intentry                              4        4       11        8       0
                text37                             1A65     1A65       19     34CA       0
                text36                             1A15     1A15        9     342A       0
                text35                             1A05     1A05        8     340A       0
                text34                             19E4     19E4        6     33C8       0
                text33                             1A1E     1A1E        A     343C       0
                text32                             1E01     1E01       95     3C02       0
                text31                             19F0     19F0        7     33E0       0
                text30                             19F7     19F7        7     33EE       0
                text29                             1B18     1B18       34     3630       0
                text28                             1A28     1A28        D     3450       0
                text27                             1AF3     1AF3       25     35E6       0
                text26                             102B     102B       D1     2056       0
                text25                             1CB4     1CB4       62     3968       0
                text24                              E42      E42       34     1C84       0
                text23                             19FE     19FE        7     33FC       0
                text22                             1D16     1D16       64     3A2C       0
                text21                             1A51     1A51       14     34A2       0
                text20                             1B4C     1B4C       3B     3698       0
                text19                             1A0D     1A0D        8     341A       0
                text18                             10FC     10FC       F6     21F8       0
                text17                             1AB3     1AB3       1E     3566       0
                text16                             1D7A     1D7A       87     3AF4       0
                text15                             1C61     1C61       53     38C2       0
                text14                             1B87     1B87       43     370E       0
                text13                             1000     1000       2B     1CEC       0
                text12                             11F2     11F2      11D     23E4       0
                text11                             1F4A     1F4A       B6     3E94       0
                text10                             1C0F     1C0F       52     381E       0
                text9                              1BCA     1BCA       45     3794       0
                text8                              1E96     1E96       B4     3D2C       0
                text7                              1A97     1A97       1C     352E       0
                text6                              1457     1457      165     28AE       0
                text5                              1A35     1A35        E     346A       0
                text4                              15BC     15BC      244     2B78       0
                text3                                4E       4E      5E3        8       0
                text2                              130F     130F      148     261E       0
                text1                              1A43     1A43        E     3486       0
                maintext                            E76      E76      18A     1CEC       0
                cstackBANK0                          20       20       49       20       1
                cstackCOMMON                         70       70        C       70       1
                cstackBANK1                          C2       C2       1C       A0       1
                inittext                           19EA     19EA        6     33D4       0
                dataBANK2                           120      120       19      120       1
                dataBANK1                            A0       A0       22       A0       1
                bssBANK1                             DE       DE        B       A0       1
                dataBANK0                            69       69        3       20       1
                dataCOMMON                           7C       7C        1       70       1
                stringtext10                       208C     208C        3     4000       0
                stringtext9                        2087     2087        5     4000       0
                stringtext8                        2076     2076       11     4000       0
                stringtext7                         631      631      411      C62       0
                stringtext6                        204F     204F       27     4000       0
                stringtext5                        2028     2028       27     4000       0
                stringtext4                        2000     2000       28     4000       0
                stringtext3                        18FA     18FA       E6     3000       0
                stringtext2                        1800     1800       FA     3000       0
                stringtext1                         A42      A42      400      C62       0
                idataBANK2                         1A7E     1A7E       19     34FC       0
                idataBANK1                         1AD1     1AD1       22     35A2       0
                idataBANK0                         19E1     19E1        3     33C2       0
                idataCOMMON                           3        3        1        6       0

TOTAL           Name                               Link     Load   Length     Space
        CLASS   STACK          

        CLASS   CODE           
                end_init                             15       15        2         0
                cinit                                17       17       37         0
                intentry                              4        4       11         0
                reset_vec                             0        0        2         0
                text37                             1A65     1A65       19         0
                text36                             1A15     1A15        9         0
                text35                             1A05     1A05        8         0
                text34                             19E4     19E4        6         0
                text33                             1A1E     1A1E        A         0
                text32                             1E01     1E01       95         0
                text31                             19F0     19F0        7         0
                text30                             19F7     19F7        7         0
                text29                             1B18     1B18       34         0
                text28                             1A28     1A28        D         0
                text27                             1AF3     1AF3       25         0
                text26                             102B     102B       D1         0
                text25                             1CB4     1CB4       62         0
                text24                              E42      E42       34         0
                text23                             19FE     19FE        7         0
                text22                             1D16     1D16       64         0
                text21                             1A51     1A51       14         0
                text20                             1B4C     1B4C       3B         0
                text19                             1A0D     1A0D        8         0
                text18                             10FC     10FC       F6         0
                text17                             1AB3     1AB3       1E         0
                text16                             1D7A     1D7A       87         0
                text15                             1C61     1C61       53         0
                text14                             1B87     1B87       43         0
                text13                             1000     1000       2B         0
                text12                             11F2     11F2      11D         0
                text11                             1F4A     1F4A       B6         0
                text10                             1C0F     1C0F       52         0
                text9                              1BCA     1BCA       45         0
                text8                              1E96     1E96       B4         0
                text7                              1A97     1A97       1C         0
                text6                              1457     1457      165         0
                text5                              1A35     1A35        E         0
                text4                              15BC     15BC      244         0
                text3                                4E       4E      5E3         0
                text2                              130F     130F      148         0
                text1                              1A43     1A43        E         0
                maintext                            E76      E76      18A         0
                inittext                           19EA     19EA        6         0
                idataBANK2                         1A7E     1A7E       19         0
                idataBANK1                         1AD1     1AD1       22         0
                idataBANK0                         19E1     19E1        3         0
                idataCOMMON                           3        3        1         0

        CLASS   STRCODE        
                stringtext10                       208C     208C        3         0
                stringtext9                        2087     2087        5         0
                stringtext8                        2076     2076       11         0
                stringtext7                         631      631      411         0
                stringtext6                        204F     204F       27         0
                stringtext5                        2028     2028       27         0
                stringtext4                        2000     2000       28         0
                stringtext3                        18FA     18FA       E6         0
                stringtext2                        1800     1800       FA         0
                stringtext1                         A42      A42      400         0

        CLASS   STRING         

        CLASS   CONST          

        CLASS   ENTRY          

        CLASS   COMMON         
                cstackCOMMON                         70       70        C         1
                dataCOMMON                           7C       7C        1         1

        CLASS   BANK0          
                cstackBANK0                          20       20       49         1
                dataBANK0                            69       69        3         1

        CLASS   BANK1          
                cstackBANK1                          C2       C2       1C         1
                dataBANK1                            A0       A0       22         1
                bssBANK1                             DE       DE        B         1

        CLASS   BANK2          
                dataBANK2                           120      120       19         1

        CLASS   BANK3          

        CLASS   BANK4          

        CLASS   BANK5          

        CLASS   BANK6          

        CLASS   BANK7          

        CLASS   BANK8          

        CLASS   BANK9          

        CLASS   BANK10         

        CLASS   BANK11         

        CLASS   BANK12         

        CLASS   BANK13         

        CLASS   BANK14         

        CLASS   BANK15         

        CLASS   BANK16         

        CLASS   BANK17         

        CLASS   BANK18         

        CLASS   BANK19         

        CLASS   BANK20         

        CLASS   BANK21         

        CLASS   BANK22         

        CLASS   BANK23         

        CLASS   BANK24         

        CLASS   BANK25         

        CLASS   BIGRAM         

        CLASS   RAM            

        CLASS   ABS1           
                abs_s1                               7E       7E        2         1

        CLASS   SFR0           

        CLASS   SFR1           

        CLASS   SFR2           

        CLASS   SFR3           

        CLASS   SFR4           

        CLASS   SFR5           

        CLASS   SFR6           

        CLASS   SFR7           

        CLASS   SFR8           

        CLASS   SFR9           

        CLASS   SFR10          

        CLASS   SFR11          

        CLASS   SFR12          

        CLASS   SFR13          

        CLASS   SFR14          

        CLASS   SFR15          

        CLASS   SFR16          

        CLASS   SFR17          

        CLASS   SFR18          

        CLASS   SFR19          

        CLASS   SFR20          

        CLASS   SFR21          

        CLASS   SFR22          

        CLASS   SFR23          

        CLASS   SFR24          

        CLASS   SFR25          

        CLASS   SFR26          

        CLASS   SFR27          

        CLASS   SFR28          

        CLASS   SFR29          

        CLASS   SFR30          

        CLASS   SFR31          

        CLASS   CONFIG         
                config                             8007     8007        2         0

        CLASS   IDLOC          

        CLASS   BANK31         

        CLASS   BANK30         

        CLASS   BANK29         

        CLASS   BANK28         

        CLASS   BANK27         

        CLASS   BANK26         

        CLASS   EEDATA         



SEGMENTS        Name                           Load    Length   Top    Selector   Space  Class     Delta

                reset_vec                      000000  000002  000002         0       0  CODE        2
                idataCOMMON                    000003  000001  000004         6       0  CODE        2
                intentry                       000004  00062D  000631         8       0  CODE        2
                cstackBANK0                    000020  00004C  00006C        20       1  BANK0       1
                cstackCOMMON                   000070  00000D  00007D        70       1  COMMON      1
                dataBANK1                      0000A0  000049  0000E9        A0       1  BANK1       1
                dataBANK2                      000120  000019  000139       120       1  BANK2       1
                stringtext7                    000631  000811  000E42       C62       0  STRCODE     2
                text24                         000E42  000034  000E76      1C84       0  CODE        2
                maintext                       000E76  0001B5  00102B      1CEC       0  CODE        2
                text26                         00102B  0000D1  0010FC      2056       0  CODE        2
                text18                         0010FC  0000F6  0011F2      21F8       0  CODE        2
                text12                         0011F2  00011D  00130F      23E4       0  CODE        2
                text2                          00130F  000148  001457      261E       0  CODE        2
                text6                          001457  000165  0015BC      28AE       0  CODE        2
                text4                          0015BC  000244  001800      2B78       0  CODE        2
                stringtext2                    001800  0001E0  0019E0      3000       0  STRCODE     2
                idataBANK0                     0019E1  000003  0019E4      33C2       0  CODE        2
                text34                         0019E4  000006  0019EA      33C8       0  CODE        2
                inittext                       0019EA  000006  0019F0      33D4       0  CODE        2
                text31                         0019F0  000007  0019F7      33E0       0  CODE        2
                text30                         0019F7  000007  0019FE      33EE       0  CODE        2
                text23                         0019FE  000007  001A05      33FC       0  CODE        2
                text35                         001A05  000008  001A0D      340A       0  CODE        2
                text19                         001A0D  000008  001A15      341A       0  CODE        2
                text36                         001A15  000009  001A1E      342A       0  CODE        2
                text33                         001A1E  00000A  001A28      343C       0  CODE        2
                text28                         001A28  00000D  001A35      3450       0  CODE        2
                text5                          001A35  00000E  001A43      346A       0  CODE        2
                text1                          001A43  00000E  001A51      3486       0  CODE        2
                text21                         001A51  000014  001A65      34A2       0  CODE        2
                text37                         001A65  000019  001A7E      34CA       0  CODE        2
                idataBANK2                     001A7E  000019  001A97      34FC       0  CODE        2
                text7                          001A97  00001C  001AB3      352E       0  CODE        2
                text17                         001AB3  00001E  001AD1      3566       0  CODE        2
                idataBANK1                     001AD1  000022  001AF3      35A2       0  CODE        2
                text27                         001AF3  000025  001B18      35E6       0  CODE        2
                text29                         001B18  000034  001B4C      3630       0  CODE        2
                text20                         001B4C  00003B  001B87      3698       0  CODE        2
                text14                         001B87  000043  001BCA      370E       0  CODE        2
                text9                          001BCA  000045  001C0F      3794       0  CODE        2
                text10                         001C0F  000052  001C61      381E       0  CODE        2
                text15                         001C61  000053  001CB4      38C2       0  CODE        2
                text25                         001CB4  000062  001D16      3968       0  CODE        2
                text22                         001D16  000064  001D7A      3A2C       0  CODE        2
                text16                         001D7A  000087  001E01      3AF4       0  CODE        2
                text32                         001E01  000095  001E96      3C02       0  CODE        2
                text8                          001E96  0000B4  001F4A      3D2C       0  CODE        2
                text11                         001F4A  0000B6  002000      3E94       0  CODE        2
                stringtext4                    002000  00008F  00208F      4000       0  STRCODE     2
                config                         008007  000002  008009     1000E       0  CONFIG      2


UNUSED ADDRESS RANGES

        Name                Unused          Largest block    Delta
        BANK0            0006C-0006F               4           1
        BANK1            000E9-000EF               7           1
        BANK10           00520-0056F              50           1
        BANK11           005A0-005EF              50           1
        BANK12           00620-0066F              50           1
        BANK13           006A0-006EF              50           1
        BANK14           00720-0076F              50           1
        BANK15           007A0-007EF              50           1
        BANK16           00820-0086F              50           1
        BANK17           008A0-008EF              50           1
        BANK18           00920-0096F              50           1
        BANK19           009A0-009EF              50           1
        BANK2            00139-0016F              37           1
        BANK20           00A20-00A6F              50           1
        BANK21           00AA0-00AEF              50           1
        BANK22           00B20-00B6F              50           1
        BANK23           00BA0-00BEF              50           1
        BANK24           00C20-00C6F              50           1
        BANK25           00CA0-00CBF              20           1
        BANK3            001A0-001EF              50           1
        BANK4            00220-0026F              50           1
        BANK5            002A0-002EF              50           1
        BANK6            00320-0036F              50           1
        BANK7            003A0-003EF              50           1
        BANK8            00420-0046F              50           1
        BANK9            004A0-004EF              50           1
        BIGRAM           02000-027EF             7F0           1
        CODE             00002-00002               1           2
                         019E0-019E0               1
                         0208F-03FFF             800
        COMMON           0007D-0007D               1           1
        CONST            00002-00002               1           2
                         019E0-019E0               1
                         0208F-03FFF             100
        ENTRY            00002-00002               1           2
                         019E0-019E0               1
                         0208F-03FFF             100
        IDLOC            08000-08003               4           2
        RAM              0006C-0006F               4           1
                         000E9-000EF               7
                         00139-0016F              37
                         001A0-001EF              50
                         00220-0026F              50
                         002A0-002EF              50
                         00320-0036F              50
                         003A0-003EF              50
                         00420-0046F              50
                         004A0-004EF              50
                         00520-0056F              50
                         005A0-005EF              50
                         00620-0066F              50
                         006A0-006EF              50
                         00720-0076F              50
                         007A0-007EF              50
                         00820-0086F              50
                         008A0-008EF              50
                         00920-0096F              50
                         009A0-009EF              50
                         00A20-00A6F              50
                         00AA0-00AEF              50
                         00B20-00B6F              50
                         00BA0-00BEF              50
                         00C20-00C6F              50
                         00CA0-00CBF              20
        SFR0             00000-0001F              20           1
        SFR1             00080-0009F              20           1
        SFR10            00500-0051F              20           1
        SFR11            00580-0059F              20           1
        SFR12            00600-0061F              20           1
        SFR13            00680-0069F              20           1
        SFR14            00700-0071F              20           1
        SFR15            00780-0079F              20           1
        SFR16            00800-0081F              20           1
        SFR17            00880-0089F              20           1
        SFR18            00900-0091F              20           1
        SFR19            00980-0099F              20           1
        SFR2             00100-0011F              20           1
        SFR20            00A00-00A1F              20           1
        SFR21            00A80-00A9F              20           1
        SFR22            00B00-00B1F              20           1
        SFR23            00B80-00B9F              20           1
        SFR24            00C00-00C1F              20           1
        SFR25            00C80-00C9F              20           1
        SFR26            00D00-00D6F              70           1
        SFR27            00D80-00DEF              70           1
        SFR28            00E00-00E6F              70           1
        SFR29            00E80-00EEF              70           1
        SFR3             00180-0019F              20           1
        SFR30            00F00-00F6F              70           1
        SFR31            00F80-00FEF              70           1
        SFR4             00200-0021F              20           1
        SFR5             00280-0029F              20           1
        SFR6             00300-0031F              20           1
        SFR7             00380-0039F              20           1
        SFR8             00400-0041F              20           1
        SFR9             00480-0049F              20           1
        STACK            020B9-027EF             737           1
        STRCODE          00002-00002               1           2
                         019E0-019E0               1
                         0208F-03FFF            1F71
        STRING           00002-00002               1           2
                         019E0-019E0               1
                         0208F-03FFF             100

                                  Symbol Table

?_ADC_GetConversion                    cstackCOMMON 00071
?___awdiv                              cstackCOMMON 00078
?___awmod                              cstackCOMMON 00071
?___ftadd                              cstackBANK0  00049
?___ftmul                              cstackBANK0  0002B
?___ftneg                              cstackCOMMON 00071
?___ftpack                             cstackCOMMON 00071
?___ftsub                              cstackBANK0  00056
?___fttol                              cstackBANK0  00044
?___lldiv                              cstackCOMMON 00071
?___llmod                              cstackBANK0  00025
?___lltoft                             cstackBANK0  00020
?___lwtoft                             cstackCOMMON 00079
?___wmul                               cstackBANK0  00025
?__div_to_l_                           cstackCOMMON 00071
?__tdiv_to_l_                          cstackCOMMON 00071
?_fround                               cstackBANK0  0003B
?_scale                                cstackBANK0  0003B
?_sprintf                              cstackBANK0  0005C
ADC_GetConversion@channel              cstackCOMMON 00074
DAC1_Load10bitInputData@input16BitData cstackCOMMON 00071
LCD_ClearGraphics@x                    cstackCOMMON 00076
LCD_ClearGraphics@y                    cstackCOMMON 00077
LCD_FillScreenGraphics@graphic         cstackCOMMON 00075
LCD_FillScreenGraphics@x               cstackCOMMON 00078
LCD_FillScreenGraphics@y               cstackCOMMON 00077
LCD_TextDisplayString@addr             cstackCOMMON 00078
LCD_TextDisplayString@i                cstackCOMMON 00079
LCD_TextDisplayString@line             cstackCOMMON 0007A
LCD_TextDisplayString@string           cstackCOMMON 00075
LCD_WriteByte@command                  cstackCOMMON 00073
LCD_WriteCommand@command               cstackCOMMON 00074
LCD_WriteData@data                     cstackCOMMON 00074
_ADCON0                                (abs)        00490
_ADCON0bits                            (abs)        00490
_ADCON1                                (abs)        00491
_ADCON2                                (abs)        00492
_ADC_GetConversion                     text37       01A65
_ADC_Initialize                        text36       01A15
_ADRESH                                (abs)        0048F
_ADRESL                                (abs)        0048E
_ANSELA                                (abs)        0018C
_ANSELB                                (abs)        0018D
_ANSELC                                (abs)        0018E
_ANSELD                                (abs)        0018F
_Alpha1                                stringtext2  01800
_Alpha2                                stringtext3  018FA
_BORCON                                (abs)        0009D
_DAC1CON0                              (abs)        0058E
_DAC1CON0bits                          (abs)        0058E
_DAC1REFH                              (abs)        00590
_DAC1REFL                              (abs)        0058F
_DAC1_Load10bitInputData               text35       01A05
_DACLD                                 (abs)        0058D
_DACLDbits                             (abs)        0058D
_DAC_CONFIG                            text34       019E4
_GIE                                   (abs)        0005F
_INLVLA                                (abs)        0038C
_IOCAF3                                (abs)        01C9B
_IOCAP3                                (abs)        01C8B
_IOCIE                                 (abs)        0005B
_InitKeypad                            text33       01A1E
_LATBbits                              (abs)        0010D
_LATCbits                              (abs)        0010E
_LATDbits                              (abs)        0010F
_LCD_ClearGraphics                     text29       01B18
_LCD_DisableGraphics                   text28       01A28
_LCD_EnableGraphics                    text27       01AF3
_LCD_FillScreenGraphics                text26       0102B
_LCD_Init                              text25       01CB4
_LCD_TextDisplayString                 text24       00E42
_LCD_WriteByte                         text32       01E01
_LCD_WriteCommand                      text31       019F0
_LCD_WriteData                         text30       019F7
_ODCONB                                (abs)        0028D
_OPTION_REGbits                        (abs)        00097
_OSCCON                                (abs)        0009B
_OSCILLATOR_Initialize                 text23       019FE
_OSCSTAT                               (abs)        0009C
_OSCTUNE                               (abs)        0009A
_PORTAbits                             (abs)        0000C
_PORTCbits                             (abs)        0000E
_SLRCONB                               (abs)        0030D
_TRISA                                 (abs)        0008C
_TRISB                                 (abs)        0008D
_TRISC                                 (abs)        0008E
_TRISD                                 (abs)        0008F
_UPDOWN                                dataBANK1    000A0
_WPUC                                  (abs)        0020E
__CFG_BOREN$OFF                        (abs)        00000
__CFG_BORV$LO                          (abs)        00000
__CFG_CLKOUTEN$OFF                     (abs)        00000
__CFG_CP$OFF                           (abs)        00000
__CFG_FCMEN$OFF                        (abs)        00000
__CFG_FOSC$INTOSC                      (abs)        00000
__CFG_IESO$OFF                         (abs)        00000
__CFG_LPBOR$OFF                        (abs)        00000
__CFG_LVP$ON                           (abs)        00000
__CFG_MCLRE$ON                         (abs)        00000
__CFG_PLLEN$OFF                        (abs)        00000
__CFG_PPS1WAY$ON                       (abs)        00000
__CFG_PWRTE$OFF                        (abs)        00000
__CFG_STVREN$OFF                       (abs)        00000
__CFG_WDTE$OFF                         (abs)        00000
__CFG_WRT$OFF                          (abs)        00000
__CFG_ZCD$OFF                          (abs)        00000
__Habs1                                abs1         00000
__Hbank0                               bank0        00000
__Hbank1                               bank1        00000
__Hbank10                              bank10       00000
__Hbank11                              bank11       00000
__Hbank12                              bank12       00000
__Hbank13                              bank13       00000
__Hbank14                              bank14       00000
__Hbank15                              bank15       00000
__Hbank16                              bank16       00000
__Hbank17                              bank17       00000
__Hbank18                              bank18       00000
__Hbank19                              bank19       00000
__Hbank2                               bank2        00000
__Hbank20                              bank20       00000
__Hbank21                              bank21       00000
__Hbank22                              bank22       00000
__Hbank23                              bank23       00000
__Hbank24                              bank24       00000
__Hbank25                              bank25       00000
__Hbank26                              bank26       00000
__Hbank27                              bank27       00000
__Hbank28                              bank28       00000
__Hbank29                              bank29       00000
__Hbank3                               bank3        00000
__Hbank30                              bank30       00000
__Hbank31                              bank31       00000
__Hbank4                               bank4        00000
__Hbank5                               bank5        00000
__Hbank6                               bank6        00000
__Hbank7                               bank7        00000
__Hbank8                               bank8        00000
__Hbank9                               bank9        00000
__Hbigram                              bigram       00000
__HbssBANK1                            bssBANK1     00000
__Hcinit                               cinit        0004E
__Hclrtext                             clrtext      00000
__Hcode                                code         00000
__Hcommon                              common       00000
__Hconfig                              config       08009
__HcstackBANK0                         cstackBANK0  00000
__HcstackBANK1                         cstackBANK1  00000
__HcstackCOMMON                        cstackCOMMON 00000
__HdataBANK0                           dataBANK0    00000
__HdataBANK1                           dataBANK1    00000
__HdataBANK2                           dataBANK2    00000
__HdataCOMMON                          dataCOMMON   00000
__Heeprom_data                         eeprom_data  00000
__Hend_init                            end_init     00017
__Hfunctab                             functab      00000
__HidataBANK0                          idataBANK0   00000
__HidataBANK1                          idataBANK1   00000
__HidataBANK2                          idataBANK2   00000
__HidataCOMMON                         idataCOMMON  00000
__Hidloc                               idloc        00000
__Hinit                                init         00015
__Hinittext                            inittext     00000
__Hintentry                            intentry     00015
__Hmaintext                            maintext     00000
__Hpowerup                             powerup      00000
__Hram                                 ram          00000
__Hreset_vec                           reset_vec    00002
__Hsfr0                                sfr0         00000
__Hsfr1                                sfr1         00000
__Hsfr10                               sfr10        00000
__Hsfr11                               sfr11        00000
__Hsfr12                               sfr12        00000
__Hsfr13                               sfr13        00000
__Hsfr14                               sfr14        00000
__Hsfr15                               sfr15        00000
__Hsfr16                               sfr16        00000
__Hsfr17                               sfr17        00000
__Hsfr18                               sfr18        00000
__Hsfr19                               sfr19        00000
__Hsfr2                                sfr2         00000
__Hsfr20                               sfr20        00000
__Hsfr21                               sfr21        00000
__Hsfr22                               sfr22        00000
__Hsfr23                               sfr23        00000
__Hsfr24                               sfr24        00000
__Hsfr25                               sfr25        00000
__Hsfr26                               sfr26        00000
__Hsfr27                               sfr27        00000
__Hsfr28                               sfr28        00000
__Hsfr29                               sfr29        00000
__Hsfr3                                sfr3         00000
__Hsfr30                               sfr30        00000
__Hsfr31                               sfr31        00000
__Hsfr4                                sfr4         00000
__Hsfr5                                sfr5         00000
__Hsfr6                                sfr6         00000
__Hsfr7                                sfr7         00000
__Hsfr8                                sfr8         00000
__Hsfr9                                sfr9         00000
__Hspace_0                             (abs)        08009
__Hspace_1                             (abs)        00139
__Hspace_2                             (abs)        00000
__Hspace_3                             (abs)        00000
__Hstack                               stack        00000
__Hstrings                             strings      00000
__Hstringtext1                         stringtext1  00000
__Hstringtext10                        stringtext10 00000
__Hstringtext11                        stringtext11 00000
__Hstringtext2                         stringtext2  00000
__Hstringtext3                         stringtext3  00000
__Hstringtext4                         stringtext4  00000
__Hstringtext5                         stringtext5  00000
__Hstringtext6                         stringtext6  00000
__Hstringtext7                         stringtext7  00000
__Hstringtext8                         stringtext8  00000
__Hstringtext9                         stringtext9  00000
__Htext                                text         00000
__Labs1                                abs1         00000
__Lbank0                               bank0        00000
__Lbank1                               bank1        00000
__Lbank10                              bank10       00000
__Lbank11                              bank11       00000
__Lbank12                              bank12       00000
__Lbank13                              bank13       00000
__Lbank14                              bank14       00000
__Lbank15                              bank15       00000
__Lbank16                              bank16       00000
__Lbank17                              bank17       00000
__Lbank18                              bank18       00000
__Lbank19                              bank19       00000
__Lbank2                               bank2        00000
__Lbank20                              bank20       00000
__Lbank21                              bank21       00000
__Lbank22                              bank22       00000
__Lbank23                              bank23       00000
__Lbank24                              bank24       00000
__Lbank25                              bank25       00000
__Lbank26                              bank26       00000
__Lbank27                              bank27       00000
__Lbank28                              bank28       00000
__Lbank29                              bank29       00000
__Lbank3                               bank3        00000
__Lbank30                              bank30       00000
__Lbank31                              bank31       00000
__Lbank4                               bank4        00000
__Lbank5                               bank5        00000
__Lbank6                               bank6        00000
__Lbank7                               bank7        00000
__Lbank8                               bank8        00000
__Lbank9                               bank9        00000
__Lbigram                              bigram       00000
__LbssBANK1                            bssBANK1     00000
__Lcinit                               cinit        00017
__Lclrtext                             clrtext      00000
__Lcode                                code         00000
__Lcommon                              common       00000
__Lconfig                              config       08007
__LcstackBANK0                         cstackBANK0  00000
__LcstackBANK1                         cstackBANK1  00000
__LcstackCOMMON                        cstackCOMMON 00000
__LdataBANK0                           dataBANK0    00000
__LdataBANK1                           dataBANK1    00000
__LdataBANK2                           dataBANK2    00000
__LdataCOMMON                          dataCOMMON   00000
__Leeprom_data                         eeprom_data  00000
__Lend_init                            end_init     00015
__Lfunctab                             functab      00000
__LidataBANK0                          idataBANK0   00000
__LidataBANK1                          idataBANK1   00000
__LidataBANK2                          idataBANK2   00000
__LidataCOMMON                         idataCOMMON  00000
__Lidloc                               idloc        00000
__Linit                                init         00015
__Linittext                            inittext     00000
__Lintentry                            intentry     00004
__Lmaintext                            maintext     00000
__Lpowerup                             powerup      00000
__Lram                                 ram          00000
__Lreset_vec                           reset_vec    00000
__Lsfr0                                sfr0         00000
__Lsfr1                                sfr1         00000
__Lsfr10                               sfr10        00000
__Lsfr11                               sfr11        00000
__Lsfr12                               sfr12        00000
__Lsfr13                               sfr13        00000
__Lsfr14                               sfr14        00000
__Lsfr15                               sfr15        00000
__Lsfr16                               sfr16        00000
__Lsfr17                               sfr17        00000
__Lsfr18                               sfr18        00000
__Lsfr19                               sfr19        00000
__Lsfr2                                sfr2         00000
__Lsfr20                               sfr20        00000
__Lsfr21                               sfr21        00000
__Lsfr22                               sfr22        00000
__Lsfr23                               sfr23        00000
__Lsfr24                               sfr24        00000
__Lsfr25                               sfr25        00000
__Lsfr26                               sfr26        00000
__Lsfr27                               sfr27        00000
__Lsfr28                               sfr28        00000
__Lsfr29                               sfr29        00000
__Lsfr3                                sfr3         00000
__Lsfr30                               sfr30        00000
__Lsfr31                               sfr31        00000
__Lsfr4                                sfr4         00000
__Lsfr5                                sfr5         00000
__Lsfr6                                sfr6         00000
__Lsfr7                                sfr7         00000
__Lsfr8                                sfr8         00000
__Lsfr9                                sfr9         00000
__Lspace_0                             (abs)        00000
__Lspace_1                             (abs)        00000
__Lspace_2                             (abs)        00000
__Lspace_3                             (abs)        00000
__Lstack                               stack        00000
__Lstrings                             strings      00000
__Lstringtext1                         stringtext1  00000
__Lstringtext10                        stringtext10 00000
__Lstringtext11                        stringtext11 00000
__Lstringtext2                         stringtext2  00000
__Lstringtext3                         stringtext3  00000
__Lstringtext4                         stringtext4  00000
__Lstringtext5                         stringtext5  00000
__Lstringtext6                         stringtext6  00000
__Lstringtext7                         stringtext7  00000
__Lstringtext8                         stringtext8  00000
__Lstringtext9                         stringtext9  00000
__Ltext                                text         00000
__S0                                   (abs)        08009
__S1                                   (abs)        00139
__S2                                   (abs)        00000
___awdiv                               text10       01C0F
___awdiv@counter                       cstackBANK0  00021
___awdiv@dividend                      cstackCOMMON 0007A
___awdiv@divisor                       cstackCOMMON 00078
___awdiv@quotient                      cstackBANK0  00023
___awdiv@sign                          cstackBANK0  00022
___awmod                               text9        01BCA
___awmod@counter                       cstackCOMMON 00076
___awmod@dividend                      cstackCOMMON 00073
___awmod@divisor                       cstackCOMMON 00071
___awmod@sign                          cstackCOMMON 00077
___ftadd                               text18       010FC
___ftadd@exp1                          cstackBANK0  00055
___ftadd@exp2                          cstackBANK0  00054
___ftadd@f1                            cstackBANK0  00049
___ftadd@f2                            cstackBANK0  0004C
___ftadd@sign                          cstackBANK0  00053
___ftge                                text20       01B4C
___ftge@ff1                            cstackCOMMON 00071
___ftge@ff2                            cstackCOMMON 00074
___ftmul                               text8        01E96
___ftmul@cntr                          cstackBANK0  00039
___ftmul@exp                           cstackBANK0  00035
___ftmul@f1                            cstackBANK0  0002B
___ftmul@f2                            cstackBANK0  0002E
___ftmul@f3_as_product                 cstackBANK0  00036
___ftmul@sign                          cstackBANK0  0003A
___ftneg                               text19       01A0D
___ftneg@f1                            cstackCOMMON 00071
___ftpack                              text22       01D16
___ftpack@arg                          cstackCOMMON 00071
___ftpack@exp                          cstackCOMMON 00074
___ftpack@sign                         cstackCOMMON 00075
___ftsub                               text17       01AB3
___ftsub@f1                            cstackBANK0  00059
___ftsub@f2                            cstackBANK0  00056
___fttol                               text16       01D7A
___fttol@exp1                          cstackBANK0  00051
___fttol@f1                            cstackBANK0  00044
___fttol@lval                          cstackBANK0  0004D
___fttol@sign1                         cstackBANK0  0004C
___int_sp                              stack        00000
___latbits                             (abs)        00003
___lldiv                               text15       01C61
___lldiv@counter                       cstackBANK0  00024
___lldiv@dividend                      cstackCOMMON 00075
___lldiv@divisor                       cstackCOMMON 00071
___lldiv@quotient                      cstackBANK0  00020
___llmod                               text14       01B87
___llmod@counter                       cstackCOMMON 0007B
___llmod@dividend                      cstackBANK0  00029
___llmod@divisor                       cstackBANK0  00025
___lltoft                              text13       01000
___lltoft@c                            cstackBANK0  00020
___lltoft@exp                          cstackCOMMON 0007A
___lwtoft                              text21       01A51
___lwtoft@c                            cstackCOMMON 00079
___sp                                  stack        00000
___wmul                                text7        01A97
___wmul@multiplicand                   cstackBANK0  00027
___wmul@multiplier                     cstackBANK0  00025
___wmul@product                        cstackBANK0  00029
__div_to_l_                            text12       011F2
__div_to_l_@cntr                       cstackBANK0  0002C
__div_to_l_@exp1                       cstackBANK0  0002D
__div_to_l_@f1                         cstackCOMMON 00071
__div_to_l_@f2                         cstackCOMMON 00074
__div_to_l_@quot                       cstackBANK0  00028
__end_of_ADC_GetConversion             text37       01A7E
__end_of_ADC_Initialize                text36       01A1E
__end_of_Alpha1                        stringtext2  018FA
__end_of_Alpha2                        stringtext3  019E0
__end_of_DAC1_Load10bitInputData       text35       01A0D
__end_of_DAC_CONFIG                    text34       019EA
__end_of_InitKeypad                    text33       01A28
__end_of_LCD_ClearGraphics             text29       01B4C
__end_of_LCD_DisableGraphics           text28       01A35
__end_of_LCD_EnableGraphics            text27       01B18
__end_of_LCD_FillScreenGraphics        text26       010FC
__end_of_LCD_Init                      text25       01D16
__end_of_LCD_TextDisplayString         text24       00E76
__end_of_LCD_WriteByte                 text32       01E96
__end_of_LCD_WriteCommand              text31       019F7
__end_of_LCD_WriteData                 text30       019FE
__end_of_OSCILLATOR_Initialize         text23       01A05
__end_of___awdiv                       text10       01C61
__end_of___awmod                       text9        01C0F
__end_of___ftadd                       text18       011F2
__end_of___ftge                        text20       01B87
__end_of___ftmul                       text8        01F4A
__end_of___ftneg                       text19       01A15
__end_of___ftpack                      text22       01D7A
__end_of___ftsub                       text17       01AD1
__end_of___fttol                       text16       01E01
__end_of___lldiv                       text15       01CB4
__end_of___llmod                       text14       01BCA
__end_of___lltoft                      text13       0102B
__end_of___lwtoft                      text21       01A65
__end_of___wmul                        text7        01AB3
__end_of__div_to_l_                    text12       0130F
__end_of__initialization               cinit        0004A
__end_of__npowers_                     stringtext6  02076
__end_of__powers_                      stringtext5  0204F
__end_of__tdiv_to_l_                   text11       02000
__end_of_black                         stringtext1  00E42
__end_of_des                           stringtext7  00A31
__end_of_dpowers                       stringtext4  02028
__end_of_fround                        text6        015BC
__end_of_isdigit                       text5        01A43
__end_of_isr                           intentry     00015
__end_of_keypad_scanner                text2        01457
__end_of_main                          maintext     01000
__end_of_scale                         text4        01800
__end_of_sprintf                       text3        00631
__end_of_switch_press_scan             text1        01A51
__initialization                       cinit        00017
__npowers_                             stringtext6  0204F
__pbssBANK1                            bssBANK1     000DE
__pcstackBANK0                         cstackBANK0  00020
__pcstackBANK1                         cstackBANK1  000C2
__pcstackCOMMON                        cstackCOMMON 00070
__pdataBANK0                           dataBANK0    00069
__pdataBANK1                           dataBANK1    000A0
__pdataBANK2                           dataBANK2    00120
__pdataCOMMON                          dataCOMMON   0007C
__pidataBANK0                          idataBANK0   019E1
__pidataBANK1                          idataBANK1   01AD1
__pidataBANK2                          idataBANK2   01A7E
__pidataCOMMON                         idataCOMMON  00003
__pintentry                            intentry     00004
__pmaintext                            maintext     00E76
__powers_                              stringtext5  02028
__pstringtext1                         stringtext1  00A42
__pstringtext10                        stringtext10 0208C
__pstringtext11                        stringtext11 00000
__pstringtext2                         stringtext2  01800
__pstringtext3                         stringtext3  018FA
__pstringtext4                         stringtext4  02000
__pstringtext5                         stringtext5  02028
__pstringtext6                         stringtext6  0204F
__pstringtext7                         stringtext7  00631
__pstringtext8                         stringtext8  02076
__pstringtext9                         stringtext9  02087
__ptext1                               text1        01A43
__ptext10                              text10       01C0F
__ptext11                              text11       01F4A
__ptext12                              text12       011F2
__ptext13                              text13       01000
__ptext14                              text14       01B87
__ptext15                              text15       01C61
__ptext16                              text16       01D7A
__ptext17                              text17       01AB3
__ptext18                              text18       010FC
__ptext19                              text19       01A0D
__ptext2                               text2        0130F
__ptext20                              text20       01B4C
__ptext21                              text21       01A51
__ptext22                              text22       01D16
__ptext23                              text23       019FE
__ptext24                              text24       00E42
__ptext25                              text25       01CB4
__ptext26                              text26       0102B
__ptext27                              text27       01AF3
__ptext28                              text28       01A28
__ptext29                              text29       01B18
__ptext3                               text3        0004E
__ptext30                              text30       019F7
__ptext31                              text31       019F0
__ptext32                              text32       01E01
__ptext33                              text33       01A1E
__ptext34                              text34       019E4
__ptext35                              text35       01A05
__ptext36                              text36       01A15
__ptext37                              text37       01A65
__ptext4                               text4        015BC
__ptext5                               text5        01A35
__ptext6                               text6        01457
__ptext7                               text7        01A97
__ptext8                               text8        01E96
__ptext9                               text9        01BCA
__size_of_ADC_GetConversion            (abs)        00000
__size_of_ADC_Initialize               (abs)        00000
__size_of_DAC1_Load10bitInputData      (abs)        00000
__size_of_DAC_CONFIG                   (abs)        00000
__size_of_InitKeypad                   (abs)        00000
__size_of_LCD_ClearGraphics            (abs)        00000
__size_of_LCD_DisableGraphics          (abs)        00000
__size_of_LCD_EnableGraphics           (abs)        00000
__size_of_LCD_FillScreenGraphics       (abs)        00000
__size_of_LCD_Init                     (abs)        00000
__size_of_LCD_TextDisplayString        (abs)        00000
__size_of_LCD_WriteByte                (abs)        00000
__size_of_LCD_WriteCommand             (abs)        00000
__size_of_LCD_WriteData                (abs)        00000
__size_of_OSCILLATOR_Initialize        (abs)        00000
__size_of___awdiv                      (abs)        00000
__size_of___awmod                      (abs)        00000
__size_of___ftadd                      (abs)        00000
__size_of___ftge                       (abs)        00000
__size_of___ftmul                      (abs)        00000
__size_of___ftneg                      (abs)        00000
__size_of___ftpack                     (abs)        00000
__size_of___ftsub                      (abs)        00000
__size_of___fttol                      (abs)        00000
__size_of___lldiv                      (abs)        00000
__size_of___llmod                      (abs)        00000
__size_of___lltoft                     (abs)        00000
__size_of___lwtoft                     (abs)        00000
__size_of___wmul                       (abs)        00000
__size_of__div_to_l_                   (abs)        00000
__size_of__tdiv_to_l_                  (abs)        00000
__size_of_fround                       (abs)        00000
__size_of_isdigit                      (abs)        00000
__size_of_isr                          (abs)        00000
__size_of_keypad_scanner               (abs)        00000
__size_of_main                         (abs)        00000
__size_of_scale                        (abs)        00000
__size_of_sprintf                      (abs)        00000
__size_of_switch_press_scan            (abs)        00000
__tdiv_to_l_                           text11       01F4A
__tdiv_to_l_@cntr                      cstackBANK0  00024
__tdiv_to_l_@exp1                      cstackBANK0  00025
__tdiv_to_l_@f1                        cstackCOMMON 00071
__tdiv_to_l_@f2                        cstackCOMMON 00074
__tdiv_to_l_@quot                      cstackBANK0  00020
_count                                 dataBANK0    00069
_current                               bssBANK1     000DE
_currentStateCLK                       bssBANK1     000E5
_des                                   stringtext7  00631
_dpowers                               stringtext4  02000
_fround                                text6        01457
_fround$936                            cstackBANK0  00045
_fround$937                            cstackBANK0  00042
_isdigit                               text5        01A35
_isdigit$716                           cstackCOMMON 00071
_isr                                   intentry     00004
_keypad_scanner                        text2        0130F
_main                                  maintext     00E76
_main$934                              cstackBANK1  000D9
_main$935                              cstackBANK1  000DC
_naif                                  dataBANK1    000B1
_previousStateCLK                      bssBANK1     000E3
_scale                                 text4        015BC
_scale$938                             cstackBANK0  00040
_sprintf                               text3        0004E
_sprintf$939                           cstackBANK1  000C2
_switch_press_scan                     text1        01A43
btemp                                  (abs)        0007E
end_of_initialization                  cinit        0004A
fround@prec                            cstackBANK0  00048
init_ram                               inittext     019EA
int$flags                              (abs)        0007E
intlevel0                              functab      00000
intlevel1                              functab      00000
intlevel2                              functab      00000
intlevel3                              functab      00000
intlevel4                              functab      00000
intlevel5                              functab      00000
isdigit@c                              cstackCOMMON 00072
reset_vec                              reset_vec    00000
scale@scl                              cstackBANK0  00043
sprintf@ap                             cstackBANK1  000C5
sprintf@c                              cstackBANK1  000D8
sprintf@exp                            cstackBANK1  000C8
sprintf@f                              cstackBANK0  0005C
sprintf@flag                           cstackBANK1  000C6
sprintf@fval                           cstackBANK1  000D5
sprintf@prec                           cstackBANK1  000D3
sprintf@sp                             cstackBANK1  000D2
sprintf@tmpval                         cstackBANK1  000CA
sprintf@val                            cstackBANK1  000CE
stackhi                                (abs)        027EF
stacklo                                (abs)        020B9
start                                  init         00015
start_initialization                   cinit        00017
switch_press_scan@key                  cstackCOMMON 00074
wtemp0                                 (abs)        0007E


FUNCTION INFORMATION:

 *************** function _main *****************
 Defined at:
		line 108 in file "LOAD20210.c"
 Parameters:    Size  Location     Type
		None
 Auto vars:     Size  Location     Type
		None
 Return value:  Size  Location     Type
                  1    wreg      void 
 Registers used:
		wreg, fsr0l, fsr0h, fsr1l, fsr1h, status,2, status,0, pclath, cstack
 Tracked objects:
		On entry : 
		On exit  : 
		Unchanged: 
 Data sizes:     COMMON   BANK0   BANK1   BANK2   BANK3   BANK4   BANK5   BANK6   BANK7   BANK8   BANK9  BANK10  BANK11  BANK12  BANK13  BANK14  BANK15  BANK16  BANK17  BANK18  BANK19  BANK20  BANK21  BANK22  BANK23  BANK24  BANK25
      Params:         0       0       0       0       0       0       0       0       0       0       0       0       0       0       0       0       0       0       0       0       0       0       0       0       0       0       0
      Locals:         0       0       5       0       0       0       0       0       0       0       0       0       0       0       0       0       0       0       0       0       0       0       0       0       0       0       0
      Temps:          0       2       0       0       0       0       0       0       0       0       0       0       0       0       0       0       0       0       0       0       0       0       0       0       0       0       0
      Totals:         0       2       5       0       0       0       0       0       0       0       0       0       0       0       0       0       0       0       0       0       0       0       0       0       0       0       0
Total ram usage:        7 bytes
 Hardware stack levels required when called:    5
 This function calls:
		_ADC_GetConversion
		_ADC_Initialize
		_DAC1_Load10bitInputData
		_DAC_CONFIG
		_InitKeypad
		_LCD_ClearGraphics
		_LCD_DisableGraphics
		_LCD_EnableGraphics
		_LCD_FillScreenGraphics
		_LCD_Init
		_LCD_TextDisplayString
		_OSCILLATOR_Initialize
		___ftadd
		___ftmul
		___lwtoft
		___wmul
		_sprintf
		_switch_press_scan
 This function is called by:
		Startup code after reset
 This function uses a non-reentrant model


 *************** function _switch_press_scan *****************
 Defined at:
		line 247 in file "LOAD20210.c"
 Parameters:    Size  Location     Type
		None
 Auto vars:     Size  Location     Type
  key             1    4[COMMON] unsigned char 
 Return value:  Size  Location     Type
                  1    wreg      unsigned char 
 Registers used:
		wreg, status,2, status,0, pclath, cstack
 Tracked objects:
		On entry : 
		On exit  : 
		Unchanged: 
 Data sizes:     COMMON   BANK0   BANK1   BANK2   BANK3   BANK4   BANK5   BANK6   BANK7   BANK8   BANK9  BANK10  BANK11  BANK12  BANK13  BANK14  BANK15  BANK16  BANK17  BANK18  BANK19  BANK20  BANK21  BANK22  BANK23  BANK24  BANK25
      Params:         0       0       0       0       0       0       0       0       0       0       0       0       0       0       0       0       0       0       0       0       0       0       0       0       0       0       0
      Locals:         1       0       0       0       0       0       0       0       0       0       0       0       0       0       0       0       0       0       0       0       0       0       0       0       0       0       0
      Temps:          1       0       0       0       0       0       0       0       0       0       0       0       0       0       0       0       0       0       0       0       0       0       0       0       0       0       0
      Totals:         2       0       0       0       0       0       0       0       0       0       0       0       0       0       0       0       0       0       0       0       0       0       0       0       0       0       0
Total ram usage:        2 bytes
 Hardware stack levels used:    1
 Hardware stack levels required when called:    2
 This function calls:
		_keypad_scanner
 This function is called by:
		_main
 This function uses a non-reentrant model


 *************** function _keypad_scanner *****************
 Defined at:
		line 72 in file "LOAD20210.c"
 Parameters:    Size  Location     Type
		None
 Auto vars:     Size  Location     Type
		None
 Return value:  Size  Location     Type
                  1    wreg      unsigned char 
 Registers used:
		wreg
 Tracked objects:
		On entry : 
		On exit  : 
		Unchanged: 
 Data sizes:     COMMON   BANK0   BANK1   BANK2   BANK3   BANK4   BANK5   BANK6   BANK7   BANK8   BANK9  BANK10  BANK11  BANK12  BANK13  BANK14  BANK15  BANK16  BANK17  BANK18  BANK19  BANK20  BANK21  BANK22  BANK23  BANK24  BANK25
      Params:         0       0       0       0       0       0       0       0       0       0       0       0       0       0       0       0       0       0       0       0       0       0       0       0       0       0       0
      Locals:         0       0       0       0       0       0       0       0       0       0       0       0       0       0       0       0       0       0       0       0       0       0       0       0       0       0       0
      Temps:          2       0       0       0       0       0       0       0       0       0       0       0       0       0       0       0       0       0       0       0       0       0       0       0       0       0       0
      Totals:         2       0       0       0       0       0       0       0       0       0       0       0       0       0       0       0       0       0       0       0       0       0       0       0       0       0       0
Total ram usage:        2 bytes
 Hardware stack levels used:    1
 Hardware stack levels required when called:    1
 This function calls:
		Nothing
 This function is called by:
		_switch_press_scan
 This function uses a non-reentrant model


 *************** function _sprintf *****************
 Defined at:
		line 492 in file "C:\Program Files (x86)\Microchip\xc8\v1.45\sources\common\doprnt.c"
 Parameters:    Size  Location     Type
  sp              1    wreg     PTR unsigned char 
		 -> naif(17), 
  f               2   60[BANK0 ] PTR const unsigned char 
		 -> STR_3(3), STR_1(5), 
 Auto vars:     Size  Location     Type
  sp              1   16[BANK1 ] PTR unsigned char 
		 -> naif(17), 
  val             4   12[BANK1 ] unsigned long 
  tmpval          4    8[BANK1 ] struct .
  fval            3   19[BANK1 ] struct .
  prec            2   17[BANK1 ] int 
  exp             2    6[BANK1 ] int 
  flag            2    4[BANK1 ] unsigned short 
  cp              2    0        PTR const unsigned char 
  len             2    0        unsigned int 
  width           2    0        int 
  c               1   22[BANK1 ] char 
  ap              1    3[BANK1 ] PTR void [1]
		 -> ?_sprintf(2), 
  d               1    0        unsigned char 
 Return value:  Size  Location     Type
                  2   60[BANK0 ] int 
 Registers used:
		wreg, fsr0l, fsr0h, fsr1l, fsr1h, status,2, status,0, pclath, cstack
 Tracked objects:
		On entry : 
		On exit  : 
		Unchanged: 
 Data sizes:     COMMON   BANK0   BANK1   BANK2   BANK3   BANK4   BANK5   BANK6   BANK7   BANK8   BANK9  BANK10  BANK11  BANK12  BANK13  BANK14  BANK15  BANK16  BANK17  BANK18  BANK19  BANK20  BANK21  BANK22  BANK23  BANK24  BANK25
      Params:         0       5       0       0       0       0       0       0       0       0       0       0       0       0       0       0       0       0       0       0       0       0       0       0       0       0       0
      Locals:         0       0      23       0       0       0       0       0       0       0       0       0       0       0       0       0       0       0       0       0       0       0       0       0       0       0       0
      Temps:          0       6       0       0       0       0       0       0       0       0       0       0       0       0       0       0       0       0       0       0       0       0       0       0       0       0       0
      Totals:         0      11      23       0       0       0       0       0       0       0       0       0       0       0       0       0       0       0       0       0       0       0       0       0       0       0       0
Total ram usage:       34 bytes
 Hardware stack levels used:    1
 Hardware stack levels required when called:    4
 This function calls:
		___awdiv
		___ftadd
		___ftge
		___ftmul
		___ftneg
		___ftsub
		___fttol
		___lldiv
		___llmod
		___lltoft
		___wmul
		__div_to_l_
		__tdiv_to_l_
		_fround
		_isdigit
		_scale
 This function is called by:
		_main
 This function uses a non-reentrant model


 *************** function _scale *****************
 Defined at:
		line 425 in file "C:\Program Files (x86)\Microchip\xc8\v1.45\sources\common\doprnt.c"
 Parameters:    Size  Location     Type
  scl             1    wreg     char 
 Auto vars:     Size  Location     Type
  scl             1   35[BANK0 ] char 
 Return value:  Size  Location     Type
                  3   27[BANK0 ] char 
 Registers used:
		wreg, fsr0l, fsr0h, status,2, status,0, pclath, cstack
 Tracked objects:
		On entry : 
		On exit  : 
		Unchanged: 
 Data sizes:     COMMON   BANK0   BANK1   BANK2   BANK3   BANK4   BANK5   BANK6   BANK7   BANK8   BANK9  BANK10  BANK11  BANK12  BANK13  BANK14  BANK15  BANK16  BANK17  BANK18  BANK19  BANK20  BANK21  BANK22  BANK23  BANK24  BANK25
      Params:         0       3       0       0       0       0       0       0       0       0       0       0       0       0       0       0       0       0       0       0       0       0       0       0       0       0       0
      Locals:         0       4       0       0       0       0       0       0       0       0       0       0       0       0       0       0       0       0       0       0       0       0       0       0       0       0       0
      Temps:          0       2       0       0       0       0       0       0       0       0       0       0       0       0       0       0       0       0       0       0       0       0       0       0       0       0       0
      Totals:         0       9       0       0       0       0       0       0       0       0       0       0       0       0       0       0       0       0       0       0       0       0       0       0       0       0       0
Total ram usage:        9 bytes
 Hardware stack levels used:    1
 Hardware stack levels required when called:    3
 This function calls:
		___awdiv
		___awmod
		___ftmul
		___wmul
 This function is called by:
		_sprintf
 This function uses a non-reentrant model


 *************** function _isdigit *****************
 Defined at:
		line 8 in file "C:\Program Files (x86)\Microchip\xc8\v1.45\sources\common\isdigit.c"
 Parameters:    Size  Location     Type
  c               1    wreg     unsigned char 
 Auto vars:     Size  Location     Type
  c               1    2[COMMON] unsigned char 
 Return value:  Size  Location     Type
		None               void
 Registers used:
		wreg, status,2, status,0
 Tracked objects:
		On entry : 
		On exit  : 
		Unchanged: 
 Data sizes:     COMMON   BANK0   BANK1   BANK2   BANK3   BANK4   BANK5   BANK6   BANK7   BANK8   BANK9  BANK10  BANK11  BANK12  BANK13  BANK14  BANK15  BANK16  BANK17  BANK18  BANK19  BANK20  BANK21  BANK22  BANK23  BANK24  BANK25
      Params:         0       0       0       0       0       0       0       0       0       0       0       0       0       0       0       0       0       0       0       0       0       0       0       0       0       0       0
      Locals:         2       0       0       0       0       0       0       0       0       0       0       0       0       0       0       0       0       0       0       0       0       0       0       0       0       0       0
      Temps:          0       0       0       0       0       0       0       0       0       0       0       0       0       0       0       0       0       0       0       0       0       0       0       0       0       0       0
      Totals:         2       0       0       0       0       0       0       0       0       0       0       0       0       0       0       0       0       0       0       0       0       0       0       0       0       0       0
Total ram usage:        2 bytes
 Hardware stack levels used:    1
 Hardware stack levels required when called:    1
 This function calls:
		Nothing
 This function is called by:
		_sprintf
 This function uses a non-reentrant model


 *************** function _fround *****************
 Defined at:
		line 409 in file "C:\Program Files (x86)\Microchip\xc8\v1.45\sources\common\doprnt.c"
 Parameters:    Size  Location     Type
  prec            1    wreg     unsigned char 
 Auto vars:     Size  Location     Type
  prec            1   40[BANK0 ] unsigned char 
 Return value:  Size  Location     Type
                  3   27[BANK0 ] unsigned char 
 Registers used:
		wreg, fsr0l, fsr0h, status,2, status,0, pclath, cstack
 Tracked objects:
		On entry : 
		On exit  : 
		Unchanged: 
 Data sizes:     COMMON   BANK0   BANK1   BANK2   BANK3   BANK4   BANK5   BANK6   BANK7   BANK8   BANK9  BANK10  BANK11  BANK12  BANK13  BANK14  BANK15  BANK16  BANK17  BANK18  BANK19  BANK20  BANK21  BANK22  BANK23  BANK24  BANK25
      Params:         0       3       0       0       0       0       0       0       0       0       0       0       0       0       0       0       0       0       0       0       0       0       0       0       0       0       0
      Locals:         0       7       0       0       0       0       0       0       0       0       0       0       0       0       0       0       0       0       0       0       0       0       0       0       0       0       0
      Temps:          0       4       0       0       0       0       0       0       0       0       0       0       0       0       0       0       0       0       0       0       0       0       0       0       0       0       0
      Totals:         0      14       0       0       0       0       0       0       0       0       0       0       0       0       0       0       0       0       0       0       0       0       0       0       0       0       0
Total ram usage:       14 bytes
 Hardware stack levels used:    1
 Hardware stack levels required when called:    3
 This function calls:
		___awdiv
		___awmod
		___ftmul
		___wmul
 This function is called by:
		_sprintf
 This function uses a non-reentrant model


 *************** function ___wmul *****************
 Defined at:
		line 15 in file "C:\Program Files (x86)\Microchip\xc8\v1.45\sources\common\Umul16.c"
 Parameters:    Size  Location     Type
  multiplier      2    5[BANK0 ] unsigned int 
  multiplicand    2    7[BANK0 ] unsigned int 
 Auto vars:     Size  Location     Type
  product         2    9[BANK0 ] unsigned int 
 Return value:  Size  Location     Type
                  2    5[BANK0 ] unsigned int 
 Registers used:
		wreg, status,2, status,0
 Tracked objects:
		On entry : 
		On exit  : 
		Unchanged: 
 Data sizes:     COMMON   BANK0   BANK1   BANK2   BANK3   BANK4   BANK5   BANK6   BANK7   BANK8   BANK9  BANK10  BANK11  BANK12  BANK13  BANK14  BANK15  BANK16  BANK17  BANK18  BANK19  BANK20  BANK21  BANK22  BANK23  BANK24  BANK25
      Params:         0       4       0       0       0       0       0       0       0       0       0       0       0       0       0       0       0       0       0       0       0       0       0       0       0       0       0
[...]
		_LCD_FillScreenGraphics
		_LCD_ClearGraphics
		_LCD_GraphicsDisplayString
 This function uses a non-reentrant model


 *************** function _LCD_WriteCommand *****************
 Defined at:
		line 355 in file "LDC_ROT.h"
 Parameters:    Size  Location     Type
  command         1    wreg     unsigned char 
 Auto vars:     Size  Location     Type
  command         1    4[COMMON] unsigned char 
 Return value:  Size  Location     Type
                  1    wreg      void 
 Registers used:
		wreg, status,2, status,0, pclath, cstack
 Tracked objects:
		On entry : 
		On exit  : 
		Unchanged: 
 Data sizes:     COMMON   BANK0   BANK1   BANK2   BANK3   BANK4   BANK5   BANK6   BANK7   BANK8   BANK9  BANK10  BANK11  BANK12  BANK13  BANK14  BANK15  BANK16  BANK17  BANK18  BANK19  BANK20  BANK21  BANK22  BANK23  BANK24  BANK25
      Params:         0       0       0       0       0       0       0       0       0       0       0       0       0       0       0       0       0       0       0       0       0       0       0       0       0       0       0
      Locals:         1       0       0       0       0       0       0       0       0       0       0       0       0       0       0       0       0       0       0       0       0       0       0       0       0       0       0
      Temps:          0       0       0       0       0       0       0       0       0       0       0       0       0       0       0       0       0       0       0       0       0       0       0       0       0       0       0
      Totals:         1       0       0       0       0       0       0       0       0       0       0       0       0       0       0       0       0       0       0       0       0       0       0       0       0       0       0
Total ram usage:        1 bytes
 Hardware stack levels used:    1
 Hardware stack levels required when called:    2
 This function calls:
		_LCD_WriteByte
 This function is called by:
		_LCD_Init
		_LCD_TextDisplayString
		_LCD_EnableGraphics
		_LCD_DisableGraphics
		_LCD_FillScreenGraphics
		_LCD_ClearGraphics
		_LCD_GraphicsDisplayString
 This function uses a non-reentrant model


 *************** function _LCD_WriteByte *****************
 Defined at:
		line 324 in file "LDC_ROT.h"
 Parameters:    Size  Location     Type
  command         1    wreg     unsigned char 
 Auto vars:     Size  Location     Type
  command         1    3[COMMON] unsigned char 
 Return value:  Size  Location     Type
                  1    wreg      void 
 Registers used:
		wreg, status,2, status,0
 Tracked objects:
		On entry : 
		On exit  : 
		Unchanged: 
 Data sizes:     COMMON   BANK0   BANK1   BANK2   BANK3   BANK4   BANK5   BANK6   BANK7   BANK8   BANK9  BANK10  BANK11  BANK12  BANK13  BANK14  BANK15  BANK16  BANK17  BANK18  BANK19  BANK20  BANK21  BANK22  BANK23  BANK24  BANK25
      Params:         0       0       0       0       0       0       0       0       0       0       0       0       0       0       0       0       0       0       0       0       0       0       0       0       0       0       0
      Locals:         1       0       0       0       0       0       0       0       0       0       0       0       0       0       0       0       0       0       0       0       0       0       0       0       0       0       0
      Temps:          2       0       0       0       0       0       0       0       0       0       0       0       0       0       0       0       0       0       0       0       0       0       0       0       0       0       0
      Totals:         3       0       0       0       0       0       0       0       0       0       0       0       0       0       0       0       0       0       0       0       0       0       0       0       0       0       0
Total ram usage:        3 bytes
 Hardware stack levels used:    1
 Hardware stack levels required when called:    1
 This function calls:
		Nothing
 This function is called by:
		_LCD_WriteData
		_LCD_WriteCommand
 This function uses a non-reentrant model


 *************** function _InitKeypad *****************
 Defined at:
		line 100 in file "LOAD20210.c"
 Parameters:    Size  Location     Type
		None
 Auto vars:     Size  Location     Type
		None
 Return value:  Size  Location     Type
                  1    wreg      void 
 Registers used:
		wreg, status,2
 Tracked objects:
		On entry : 
		On exit  : 
		Unchanged: 
 Data sizes:     COMMON   BANK0   BANK1   BANK2   BANK3   BANK4   BANK5   BANK6   BANK7   BANK8   BANK9  BANK10  BANK11  BANK12  BANK13  BANK14  BANK15  BANK16  BANK17  BANK18  BANK19  BANK20  BANK21  BANK22  BANK23  BANK24  BANK25
      Params:         0       0       0       0       0       0       0       0       0       0       0       0       0       0       0       0       0       0       0       0       0       0       0       0       0       0       0
      Locals:         0       0       0       0       0       0       0       0       0       0       0       0       0       0       0       0       0       0       0       0       0       0       0       0       0       0       0
      Temps:          0       0       0       0       0       0       0       0       0       0       0       0       0       0       0       0       0       0       0       0       0       0       0       0       0       0       0
      Totals:         0       0       0       0       0       0       0       0       0       0       0       0       0       0       0       0       0       0       0       0       0       0       0       0       0       0       0
Total ram usage:        0 bytes
 Hardware stack levels used:    1
 Hardware stack levels required when called:    1
 This function calls:
		Nothing
 This function is called by:
		_main
 This function uses a non-reentrant model


 *************** function _DAC_CONFIG *****************
 Defined at:
		line 259 in file "LDC_ROT.h"
 Parameters:    Size  Location     Type
		None
 Auto vars:     Size  Location     Type
		None
 Return value:  Size  Location     Type
                  1    wreg      void 
 Registers used:
		wreg
 Tracked objects:
		On entry : 
		On exit  : 
		Unchanged: 
 Data sizes:     COMMON   BANK0   BANK1   BANK2   BANK3   BANK4   BANK5   BANK6   BANK7   BANK8   BANK9  BANK10  BANK11  BANK12  BANK13  BANK14  BANK15  BANK16  BANK17  BANK18  BANK19  BANK20  BANK21  BANK22  BANK23  BANK24  BANK25
      Params:         0       0       0       0       0       0       0       0       0       0       0       0       0       0       0       0       0       0       0       0       0       0       0       0       0       0       0
      Locals:         0       0       0       0       0       0       0       0       0       0       0       0       0       0       0       0       0       0       0       0       0       0       0       0       0       0       0
      Temps:          0       0       0       0       0       0       0       0       0       0       0       0       0       0       0       0       0       0       0       0       0       0       0       0       0       0       0
      Totals:         0       0       0       0       0       0       0       0       0       0       0       0       0       0       0       0       0       0       0       0       0       0       0       0       0       0       0
Total ram usage:        0 bytes
 Hardware stack levels used:    1
 Hardware stack levels required when called:    1
 This function calls:
		Nothing
 This function is called by:
		_main
 This function uses a non-reentrant model


 *************** function _DAC1_Load10bitInputData *****************
 Defined at:
		line 265 in file "LDC_ROT.h"
 Parameters:    Size  Location     Type
  input16BitDa    2    1[COMMON] unsigned int 
 Auto vars:     Size  Location     Type
		None
 Return value:  Size  Location     Type
                  1    wreg      void 
 Registers used:
		wreg, status,2
 Tracked objects:
		On entry : 
		On exit  : 
		Unchanged: 
 Data sizes:     COMMON   BANK0   BANK1   BANK2   BANK3   BANK4   BANK5   BANK6   BANK7   BANK8   BANK9  BANK10  BANK11  BANK12  BANK13  BANK14  BANK15  BANK16  BANK17  BANK18  BANK19  BANK20  BANK21  BANK22  BANK23  BANK24  BANK25
      Params:         2       0       0       0       0       0       0       0       0       0       0       0       0       0       0       0       0       0       0       0       0       0       0       0       0       0       0
      Locals:         0       0       0       0       0       0       0       0       0       0       0       0       0       0       0       0       0       0       0       0       0       0       0       0       0       0       0
      Temps:          0       0       0       0       0       0       0       0       0       0       0       0       0       0       0       0       0       0       0       0       0       0       0       0       0       0       0
      Totals:         2       0       0       0       0       0       0       0       0       0       0       0       0       0       0       0       0       0       0       0       0       0       0       0       0       0       0
Total ram usage:        2 bytes
 Hardware stack levels used:    1
 Hardware stack levels required when called:    1
 This function calls:
		Nothing
 This function is called by:
		_main
 This function uses a non-reentrant model


 *************** function _ADC_Initialize *****************
 Defined at:
		line 67 in file "ADC_INIT.c"
 Parameters:    Size  Location     Type
		None
 Auto vars:     Size  Location     Type
		None
 Return value:  Size  Location     Type
                  1    wreg      void 
 Registers used:
		wreg, status,2
 Tracked objects:
		On entry : 
		On exit  : 
		Unchanged: 
 Data sizes:     COMMON   BANK0   BANK1   BANK2   BANK3   BANK4   BANK5   BANK6   BANK7   BANK8   BANK9  BANK10  BANK11  BANK12  BANK13  BANK14  BANK15  BANK16  BANK17  BANK18  BANK19  BANK20  BANK21  BANK22  BANK23  BANK24  BANK25
      Params:         0       0       0       0       0       0       0       0       0       0       0       0       0       0       0       0       0       0       0       0       0       0       0       0       0       0       0
      Locals:         0       0       0       0       0       0       0       0       0       0       0       0       0       0       0       0       0       0       0       0       0       0       0       0       0       0       0
      Temps:          0       0       0       0       0       0       0       0       0       0       0       0       0       0       0       0       0       0       0       0       0       0       0       0       0       0       0
      Totals:         0       0       0       0       0       0       0       0       0       0       0       0       0       0       0       0       0       0       0       0       0       0       0       0       0       0       0
Total ram usage:        0 bytes
 Hardware stack levels used:    1
 Hardware stack levels required when called:    1
 This function calls:
		Nothing
 This function is called by:
		_main
 This function uses a non-reentrant model


 *************** function _ADC_GetConversion *****************
 Defined at:
		line 115 in file "ADC_INIT.c"
 Parameters:    Size  Location     Type
  channel         1    wreg     enum E17242
 Auto vars:     Size  Location     Type
  channel         1    4[COMMON] enum E17242
 Return value:  Size  Location     Type
                  2    1[COMMON] unsigned int 
 Registers used:
		wreg, status,2, status,0
 Tracked objects:
		On entry : 
		On exit  : 
		Unchanged: 
 Data sizes:     COMMON   BANK0   BANK1   BANK2   BANK3   BANK4   BANK5   BANK6   BANK7   BANK8   BANK9  BANK10  BANK11  BANK12  BANK13  BANK14  BANK15  BANK16  BANK17  BANK18  BANK19  BANK20  BANK21  BANK22  BANK23  BANK24  BANK25
      Params:         2       0       0       0       0       0       0       0       0       0       0       0       0       0       0       0       0       0       0       0       0       0       0       0       0       0       0
      Locals:         1       0       0       0       0       0       0       0       0       0       0       0       0       0       0       0       0       0       0       0       0       0       0       0       0       0       0
      Temps:          1       0       0       0       0       0       0       0       0       0       0       0       0       0       0       0       0       0       0       0       0       0       0       0       0       0       0
      Totals:         4       0       0       0       0       0       0       0       0       0       0       0       0       0       0       0       0       0       0       0       0       0       0       0       0       0       0
Total ram usage:        4 bytes
 Hardware stack levels used:    1
 Hardware stack levels required when called:    1
 This function calls:
		Nothing
 This function is called by:
		_main
 This function uses a non-reentrant model


 *************** function _isr *****************
 Defined at:
		line 58 in file "LOAD20210.c"
 Parameters:    Size  Location     Type
		None
 Auto vars:     Size  Location     Type
		None
 Return value:  Size  Location     Type
                  1    wreg      void 
 Registers used:
		status,2
 Tracked objects:
		On entry : 
		On exit  : 
		Unchanged: 
 Data sizes:     COMMON   BANK0   BANK1   BANK2   BANK3   BANK4   BANK5   BANK6   BANK7   BANK8   BANK9  BANK10  BANK11  BANK12  BANK13  BANK14  BANK15  BANK16  BANK17  BANK18  BANK19  BANK20  BANK21  BANK22  BANK23  BANK24  BANK25
      Params:         0       0       0       0       0       0       0       0       0       0       0       0       0       0       0       0       0       0       0       0       0       0       0       0       0       0       0
      Locals:         0       0       0       0       0       0       0       0       0       0       0       0       0       0       0       0       0       0       0       0       0       0       0       0       0       0       0
      Temps:          1       0       0       0       0       0       0       0       0       0       0       0       0       0       0       0       0       0       0       0       0       0       0       0       0       0       0
      Totals:         1       0       0       0       0       0       0       0       0       0       0       0       0       0       0       0       0       0       0       0       0       0       0       0       0       0       0
Total ram usage:        1 bytes
 Hardware stack levels used:    1
 This function calls:
		Nothing
 This function is called by:
		Interrupt level 1
 This function uses a non-reentrant model



MODULE INFORMATION

Module		Function		Class		Link	Load	Size
C:\Program Files (x86)\Microchip\xc8\v1.45\sources\common\ftneg.c
		___ftneg       		CODE           	1A0D	0000	9

C:\Program Files (x86)\Microchip\xc8\v1.45\sources\common\ftneg.c estimated size: 9

C:\Program Files (x86)\Microchip\xc8\v1.45\sources\common\ftsub.c
		___ftsub       		CODE           	1AB3	0000	31

C:\Program Files (x86)\Microchip\xc8\v1.45\sources\common\ftsub.c estimated size: 31

C:\Program Files (x86)\Microchip\xc8\v1.45\sources\common\float.c
		___ftpack      		CODE           	1D16	0000	101

C:\Program Files (x86)\Microchip\xc8\v1.45\sources\common\float.c estimated size: 101

C:\Program Files (x86)\Microchip\xc8\v1.45\sources\common\doprnt.c
		_scale         		CODE           	15BC	0000	581
		_sprintf       		CODE           	004E	0000	1508
		_fround        		CODE           	1457	0000	358

C:\Program Files (x86)\Microchip\xc8\v1.45\sources\common\doprnt.c estimated size: 2447

C:\Program Files (x86)\Microchip\xc8\v1.45\sources\common\lltoft.c
		___lltoft      		CODE           	1000	0000	44

C:\Program Files (x86)\Microchip\xc8\v1.45\sources\common\lltoft.c estimated size: 44

C:\Program Files (x86)\Microchip\xc8\v1.45\sources\common\Umul16.c
		___wmul        		CODE           	1A97	0000	29

C:\Program Files (x86)\Microchip\xc8\v1.45\sources\common\Umul16.c estimated size: 29

C:\Program Files (x86)\Microchip\xc8\v1.45\sources\common\ftge.c
		___ftge        		CODE           	1B4C	0000	60

C:\Program Files (x86)\Microchip\xc8\v1.45\sources\common\ftge.c estimated size: 60

LOAD20210.c
		_main          		CODE           	0E76	0000	395
		_isr           		CODE           	0004	0000	18
		_InitKeypad    		CODE           	1A1E	0000	11
		_switch_press_scan		CODE           	1A43	0000	15
		_keypad_scanner		CODE           	130F	0000	329

LOAD20210.c estimated size: 768

C:\Program Files (x86)\Microchip\xc8\v1.45\sources\common\isdigit.c
		_isdigit       		CODE           	1A35	0000	15

C:\Program Files (x86)\Microchip\xc8\v1.45\sources\common\isdigit.c estimated size: 15

C:\Program Files (x86)\Microchip\xc8\v1.45\sources\common\ftdivl.c
		__tdiv_to_l_   		CODE           	1F4A	0000	183

C:\Program Files (x86)\Microchip\xc8\v1.45\sources\common\ftdivl.c estimated size: 183

C:\Program Files (x86)\Microchip\xc8\v1.45\sources\common\ftmul.c
		___ftmul       		CODE           	1E96	0000	181

C:\Program Files (x86)\Microchip\xc8\v1.45\sources\common\ftmul.c estimated size: 181

C:\Program Files (x86)\Microchip\xc8\v1.45\sources\common\awmod.c
		___awmod       		CODE           	1BCA	0000	70

C:\Program Files (x86)\Microchip\xc8\v1.45\sources\common\awmod.c estimated size: 70

LDC_ROT.h
		_LCD_Init      		CODE           	1CB4	0000	99
		_DAC1_Load10bitInputData		CODE           	1A05	0000	9
		_LCD_FillScreenGraphics		CODE           	102B	0000	210
		_LCD_EnableGraphics		CODE           	1AF3	0000	38
		_LCD_TextDisplayString		CODE           	0E42	0000	53
		_DAC_CONFIG    		CODE           	19E4	0000	7
		_LCD_DisableGraphics		CODE           	1A28	0000	14
		_OSCILLATOR_Initialize		CODE           	19FE	0000	8
		_LCD_ClearGraphics		CODE           	1B18	0000	53
		_LCD_WriteCommand		CODE           	19F0	0000	8
		_LCD_WriteData 		CODE           	19F7	0000	8
		_LCD_WriteByte 		CODE           	1E01	0000	150

LDC_ROT.h estimated size: 657

C:\Program Files (x86)\Microchip\xc8\v1.45\sources\common\llmod.c
		___llmod       		CODE           	1B87	0000	68

C:\Program Files (x86)\Microchip\xc8\v1.45\sources\common\llmod.c estimated size: 68

C:\Program Files (x86)\Microchip\xc8\v1.45\sources\common\fldivl.c
		__div_to_l_    		CODE           	11F2	0000	286

C:\Program Files (x86)\Microchip\xc8\v1.45\sources\common\fldivl.c estimated size: 286

shared
		__powers_      		STRCODE        	2028	0000	40
		_des           		STRCODE        	0631	0000	1025
		_dpowers       		STRCODE        	2000	0000	41
		_Alpha1        		STRCODE        	1800	0000	251
		__npowers_     		STRCODE        	204F	0000	40
		__initialization		CODE           	0017	0000	52
		_black         		STRCODE        	0000	0000	0
		_Alpha2        		STRCODE        	18FA	0000	231

shared estimated size: 1680

C:\Program Files (x86)\Microchip\xc8\v1.45\sources\common\fttol.c
		___fttol       		CODE           	1D7A	0000	136

C:\Program Files (x86)\Microchip\xc8\v1.45\sources\common\fttol.c estimated size: 136

C:\Program Files (x86)\Microchip\xc8\v1.45\sources\common\awdiv.c
		___awdiv       		CODE           	1C0F	0000	83

C:\Program Files (x86)\Microchip\xc8\v1.45\sources\common\awdiv.c estimated size: 83

C:\Program Files (x86)\Microchip\xc8\v1.45\sources\common\ftadd.c
		___ftadd       		CODE           	10FC	0000	247

C:\Program Files (x86)\Microchip\xc8\v1.45\sources\common\ftadd.c estimated size: 247

C:\Program Files (x86)\Microchip\xc8\v1.45\sources\common\lldiv.c
		___lldiv       		CODE           	1C61	0000	84

C:\Program Files (x86)\Microchip\xc8\v1.45\sources\common\lldiv.c estimated size: 84

ADC_INIT.c
		_ADC_Initialize		CODE           	1A15	0000	10
		_ADC_GetConversion		CODE           	1A65	0000	26

ADC_INIT.c estimated size: 36

C:\Program Files (x86)\Microchip\xc8\v1.45\sources\common\lwtoft.c
		___lwtoft      		CODE           	1A51	0000	21

C:\Program Files (x86)\Microchip\xc8\v1.45\sources\common\lwtoft.c estimated size: 21

